
================================================================================

Memory Map of the image

  Image Entry point : 0x00000000

  Load Region ROM_LOAD (Base: 0x00000000, Size: 0x00047a00, Max: 0x00800000, ABSOLUTE)

    Execution Region ROM1 (Base: 0x00000000, Size: 0x00045354, Max: 0x00800000, ABSOLUTE)

    Base Addr    Size         Type   Attr  Idx  E Section Name        Object

    0x00000000   0x000002c8   Code   RO  1220   * StartUp             startup.o
    0x000002c8   0x00000130   Code   RO     1     .text               arm.o
    0x000003f8   0x00000760   Code   RO   109     .text               drv_l1_adc.o
    0x00000b58   0x0000055c   Code   RO   215     .text               drv_l1_cache.o
    0x000010b4   0x000015e8   Code   RO   271     .text               drv_l1_dma.o
    0x0000269c   0x000001f4   Code   RO   324     .text               drv_l1_ext_int.o
    0x00002890   0x00000390   Code   RO   353     .text               drv_l1_gpio.o
    0x00002c20   0x00000144   Code   RO   396     .text               drv_l1_init.o
    0x00002d64   0x00000368   Code   RO   441     .text               drv_l1_interrupt.o
    0x000030cc   0x00000288   Code   RO   491     .text               drv_l1_mic.o
    0x00003354   0x0000103c   Code   RO   539     .text               drv_l1_rtc.o
    0x00004390   0x00000634   Code   RO   616     .text               drv_l1_spi.o
    0x000049c4   0x0000023c   Code   RO   673     .text               drv_l1_sw_timer.o
    0x00004c00   0x00000024   Code   RO   706     .text               drv_l1_sw_timer_isr.o
    0x00004c24   0x00000158   Code   RO   720     .text               drv_l1_system.o
    0x00004d7c   0x00000fec   Code   RO   942     .text               drv_l1_timer.o
    0x00005d68   0x000006d8   Code   RO  1032     .text               drv_l1_uart.o
    0x00006440   0x00000068   Code   RO  1127     .text               drv_l1_watchdog.o
    0x000064a8   0x000002c0   Code   RO  1164     .text               gp_stdlib.o
    0x00006768   0x00000150   Code   RO  1200     .text               main.o
    0x000068b8   0x000005d4   Code   RO  1227     .text               system_timer.o
    0x00006e8c   0x00000004   Code   RO  1260     .text               driver_l2_init.o
    0x00006e90   0x000002ec   Code   RO  1327     .text               gplib_mm_gplus.o
    0x0000717c   0x00000598   Code   RO  1372     .text               gplib_calendar.o
    0x00007714   0x00000010   Code   RO  1413     .text               gplib_init.o
    0x00007724   0x000000a4   Code   RO  1425     .text               gplib_print_string.o
    0x000077c8   0x00000ae8   Code   RO  1453     .text               nvram.o
    0x000082b0   0x000000f8   Code   RO  1518     .text               task_state_handling.o
    0x000083a8   0x000003cc   Code   RO  1547     .text               task_peripheral_handling.o
    0x00008774   0x00000370   Code   RO  1585     .text               msg_manager.o
    0x00008ae4   0x0000046c   Code   RO  1627     .text               video_codec_callback.o
    0x00008f50   0x00000400   Code   RO  1677     .text               video_encoder.o
    0x00009350   0x00000520   Code   RO  1740     .text               state_usb.o
    0x00009870   0x000000bc   Code   RO  1806     .text               state_startup.o
    0x0000992c   0x00000018   Code   RO  1833     .text               ap_startup.o
    0x00009944   0x0000086c   Code   RO  1851     .text               ap_video_preview.o
    0x0000a1b0   0x0000070c   Code   RO  1897     .text               state_video_preview.o
    0x0000a8bc   0x00001238   Code   RO  1924     .text               ap_peripheral_handling.o
    0x0000baf4   0x00001e98   Code   RO  2015     .text               ap_storage_service.o
    0x0000d98c   0x00000220   Code   RO  2083     .text               task_storage_service.o
    0x0000dbac   0x00000688   Code   RO  2106     .text               ap_state_handling.o
    0x0000e234   0x00000814   Code   RO  2188     .text               ap_video_record.o
    0x0000ea48   0x00000a04   Code   RO  2246     .text               state_video_record.o
    0x0000f44c   0x000004f0   Code   RO  2368     .text               drv_l1_sensor.o
    0x0000f93c   0x00000420   Code   RO  2435     .text               ap_display.o
    0x0000fd5c   0x000009f8   Code   RO  2604     .text               ap_state_config.o
    0x00010754   0x00000be8   Code   RO  2867     .text               ap_state_resource.o
    0x0001133c   0x00000030   Code   RO  2995     .text               drv_l1_dac.o
    0x0001136c   0x0000078c   Code   RO  3132     .text               ap_usb.o
    0x00011af8   0x00001ea4   Code   RO  3342     .text               my_video_codec_callback.o
    0x0001399c   0x00000308   Code   RO  3537     .text               drv_l2_sensor.o
    0x00013ca4   0x00002a14   Code   RO  3563     .text               drv_l1_cdsp.o
    0x000166b8   0x0000058c   Code   RO  4153     .text               drv_l1_front.o
[...]
    0x00003480   0x000000a0   Dbug   RW   347     .debug_pubnames     drv_l1_ext_int.o
    0x00003520   0x00000028   Dbug   RW   356     .debug_pubnames     drv_l1_gpio.o
    0x00003548   0x0000002c   Dbug   RW   359     .debug_pubnames     drv_l1_gpio.o
    0x00003574   0x00000020   Dbug   RW   362     .debug_pubnames     drv_l1_gpio.o
    0x00003594   0x00000024   Dbug   RW   365     .debug_pubnames     drv_l1_gpio.o
    0x000035b8   0x00000024   Dbug   RW   368     .debug_pubnames     drv_l1_gpio.o
    0x000035dc   0x00000024   Dbug   RW   371     .debug_pubnames     drv_l1_gpio.o
    0x00003600   0x00000030   Dbug   RW   374     .debug_pubnames     drv_l1_gpio.o
    0x00003630   0x00000024   Dbug   RW   377     .debug_pubnames     drv_l1_gpio.o
    0x00003654   0x00000028   Dbug   RW   380     .debug_pubnames     drv_l1_gpio.o
    0x0000367c   0x00000104   Dbug   RW   386     .debug_pubnames     drv_l1_gpio.o
    0x00003780   0x00000024   Dbug   RW   402     .debug_pubnames     drv_l1_init.o
    0x000037a4   0x0000015c   Dbug   RW   410     .debug_pubnames     drv_l1_init.o
    0x00003900   0x00000284   Dbug   RW   417     .debug_pubnames     drv_l1_init.o
    0x00003b84   0x000007e0   Dbug   RW   421     .debug_pubnames     drv_l1_init.o
    0x00004364   0x00000344   Dbug   RW   431     .debug_pubnames     drv_l1_init.o
    0x000046a8   0x000001a0   Dbug   RW   435     .debug_pubnames     drv_l1_init.o
    0x00004848   0x000000dc   Dbug   RW   439     .debug_pubnames     drv_l1_init.o
    0x00004924   0x0000002c   Dbug   RW   445     .debug_pubnames     drv_l1_interrupt.o
    0x00004950   0x00000030   Dbug   RW   448     .debug_pubnames     drv_l1_interrupt.o
    0x00004980   0x00000028   Dbug   RW   451     .debug_pubnames     drv_l1_interrupt.o
    0x000049a8   0x0000002c   Dbug   RW   454     .debug_pubnames     drv_l1_interrupt.o
    0x000049d4   0x00000028   Dbug   RW   457     .debug_pubnames     drv_l1_interrupt.o
    0x000049fc   0x00000028   Dbug   RW   460     .debug_pubnames     drv_l1_interrupt.o
    0x00004a24   0x00000028   Dbug   RW   463     .debug_pubnames     drv_l1_interrupt.o
    0x00004a4c   0x0000002c   Dbug   RW   466     .debug_pubnames     drv_l1_interrupt.o
    0x00004a78   0x00000028   Dbug   RW   469     .debug_pubnames     drv_l1_interrupt.o
    0x00004aa0   0x00000028   Dbug   RW   472     .debug_pubnames     drv_l1_interrupt.o
    0x00004ac8   0x00000028   Dbug   RW   475     .debug_pubnames     drv_l1_interrupt.o
    0x00004af0   0x00000028   Dbug   RW   478     .debug_pubnames     drv_l1_interrupt.o
    0x00004b18   0x00000020   Dbug   RW   481     .debug_pubnames     drv_l1_interrupt.o
    0x00004b38   0x0000002c   Dbug   RW   484     .debug_pubnames     drv_l1_interrupt.o
    0x00004b64   0x00000120   Dbug   RW   488     .debug_pubnames     drv_l1_interrupt.o
    0x00004c84   0x00000020   Dbug   RW   495     .debug_pubnames     drv_l1_mic.o
    0x00004ca4   0x00000028   Dbug   RW   498     .debug_pubnames     drv_l1_mic.o
    0x00004ccc   0x0000002c   Dbug   RW   501     .debug_pubnames     drv_l1_mic.o
    0x00004cf8   0x00000028   Dbug   RW   504     .debug_pubnames     drv_l1_mic.o
    0x00004d20   0x0000002c   Dbug   RW   507     .debug_pubnames     drv_l1_mic.o
    0x00004d4c   0x0000002c   Dbug   RW   510     .debug_pubnames     drv_l1_mic.o
    0x00004d78   0x0000002c   Dbug   RW   513     .debug_pubnames     drv_l1_mic.o
    0x00004da4   0x00000028   Dbug   RW   516     .debug_pubnames     drv_l1_mic.o
    0x00004dcc   0x0000002c   Dbug   RW   519     .debug_pubnames     drv_l1_mic.o
    0x00004df8   0x0000002c   Dbug   RW   522     .debug_pubnames     drv_l1_mic.o
    0x00004e24   0x0000002c   Dbug   RW   525     .debug_pubnames     drv_l1_mic.o
    0x00004e50   0x00000028   Dbug   RW   528     .debug_pubnames     drv_l1_mic.o
    0x00004e78   0x0000011c   Dbug   RW   534     .debug_pubnames     drv_l1_mic.o
    0x00004f94   0x0000002c   Dbug   RW   538     .debug_pubnames     drv_l1_mic.o
    0x00004fc0   0x00000024   Dbug   RW   543     .debug_pubnames     drv_l1_rtc.o
    0x00004fe4   0x00000024   Dbug   RW   546     .debug_pubnames     drv_l1_rtc.o
    0x00005008   0x0000002c   Dbug   RW   549     .debug_pubnames     drv_l1_rtc.o
    0x00005034   0x0000002c   Dbug   RW   552     .debug_pubnames     drv_l1_rtc.o
    0x00005060   0x00000020   Dbug   RW   555     .debug_pubnames     drv_l1_rtc.o
    0x00005080   0x00000024   Dbug   RW   558     .debug_pubnames     drv_l1_rtc.o
    0x000050a4   0x00000024   Dbug   RW   561     .debug_pubnames     drv_l1_rtc.o
    0x000050c8   0x00000024   Dbug   RW   564     .debug_pubnames     drv_l1_rtc.o
    0x000050ec   0x00000024   Dbug   RW   567     .debug_pubnames     drv_l1_rtc.o
    0x00005110   0x00000024   Dbug   RW   570     .debug_pubnames     drv_l1_rtc.o
    0x00005134   0x00000024   Dbug   RW   573     .debug_pubnames     drv_l1_rtc.o
    0x00005158   0x0000002c   Dbug   RW   576     .debug_pubnames     drv_l1_rtc.o
    0x00005184   0x0000002c   Dbug   RW   579     .debug_pubnames     drv_l1_rtc.o
    0x000051b0   0x00000028   Dbug   RW   582     .debug_pubnames     drv_l1_rtc.o
    0x000051d8   0x0000002c   Dbug   RW   585     .debug_pubnames     drv_l1_rtc.o
    0x00005204   0x0000002c   Dbug   RW   588     .debug_pubnames     drv_l1_rtc.o
    0x00005230   0x0000002c   Dbug   RW   591     .debug_pubnames     drv_l1_rtc.o
    0x0000525c   0x0000002c   Dbug   RW   594     .debug_pubnames     drv_l1_rtc.o
    0x00005288   0x0000002c   Dbug   RW   597     .debug_pubnames     drv_l1_rtc.o
    0x000052b4   0x00000030   Dbug   RW   600     .debug_pubnames     drv_l1_rtc.o
    0x000052e4   0x00000030   Dbug   RW   603     .debug_pubnames     drv_l1_rtc.o
    0x00005314   0x00000034   Dbug   RW   606     .debug_pubnames     drv_l1_rtc.o
    0x00005348   0x00000278   Dbug   RW   610     .debug_pubnames     drv_l1_rtc.o
    0x000055c0   0x00000024   Dbug   RW   620     .debug_pubnames     drv_l1_spi.o
    0x000055e4   0x00000024   Dbug   RW   623     .debug_pubnames     drv_l1_spi.o
    0x00005608   0x00000028   Dbug   RW   626     .debug_pubnames     drv_l1_spi.o
    0x00005630   0x0000002c   Dbug   RW   629     .debug_pubnames     drv_l1_spi.o
    0x0000565c   0x00000024   Dbug   RW   632     .debug_pubnames     drv_l1_spi.o
    0x00005680   0x00000020   Dbug   RW   635     .debug_pubnames     drv_l1_spi.o
    0x000056a0   0x00000024   Dbug   RW   638     .debug_pubnames     drv_l1_spi.o
    0x000056c4   0x00000028   Dbug   RW   641     .debug_pubnames     drv_l1_spi.o
    0x000056ec   0x00000028   Dbug   RW   644     .debug_pubnames     drv_l1_spi.o
    0x00005714   0x00000028   Dbug   RW   647     .debug_pubnames     drv_l1_spi.o
    0x0000573c   0x00000030   Dbug   RW   650     .debug_pubnames     drv_l1_spi.o
    0x0000576c   0x00000030   Dbug   RW   653     .debug_pubnames     drv_l1_spi.o
    0x0000579c   0x00000024   Dbug   RW   656     .debug_pubnames     drv_l1_spi.o
    0x000057c0   0x0000002c   Dbug   RW   659     .debug_pubnames     drv_l1_spi.o
    0x000057ec   0x00000040   Dbug   RW   662     .debug_pubnames     drv_l1_spi.o
    0x0000582c   0x00000144   Dbug   RW   666     .debug_pubnames     drv_l1_spi.o
    0x00005970   0x00000094   Dbug   RW   671     .debug_pubnames     drv_l1_spi.o
    0x00005a04   0x00000024   Dbug   RW   677     .debug_pubnames     drv_l1_sw_timer.o
    0x00005a28   0x0000002c   Dbug   RW   680     .debug_pubnames     drv_l1_sw_timer.o
    0x00005a54   0x00000030   Dbug   RW   683     .debug_pubnames     drv_l1_sw_timer.o
    0x00005a84   0x00000028   Dbug   RW   686     .debug_pubnames     drv_l1_sw_timer.o
    0x00005aac   0x00000028   Dbug   RW   689     .debug_pubnames     drv_l1_sw_timer.o
    0x00005ad4   0x00000028   Dbug   RW   692     .debug_pubnames     drv_l1_sw_timer.o
    0x00005afc   0x0000002c   Dbug   RW   695     .debug_pubnames     drv_l1_sw_timer.o
    0x00005b28   0x000000b0   Dbug   RW   699     .debug_pubnames     drv_l1_sw_timer.o
    0x00005bd8   0x00000024   Dbug   RW   710     .debug_pubnames     drv_l1_sw_timer_isr.o
    0x00005bfc   0x00000024   Dbug   RW   716     .debug_pubnames     drv_l1_sw_timer_isr.o
    0x00005c20   0x00000054   Dbug   RW   719     .debug_pubnames     drv_l1_sw_timer_isr.o
    0x00005c74   0x0000002c   Dbug   RW   746     .debug_pubnames     drv_l1_system.o
    0x00005ca0   0x00000028   Dbug   RW   749     .debug_pubnames     drv_l1_system.o
    0x00005cc8   0x00000028   Dbug   RW   752     .debug_pubnames     drv_l1_system.o
    0x00005cf0   0x00000030   Dbug   RW   755     .debug_pubnames     drv_l1_system.o
    0x00005d20   0x00000030   Dbug   RW   758     .debug_pubnames     drv_l1_system.o
    0x00005d50   0x00000030   Dbug   RW   761     .debug_pubnames     drv_l1_system.o
    0x00005d80   0x00000024   Dbug   RW   764     .debug_pubnames     drv_l1_system.o
    0x00005da4   0x00000030   Dbug   RW   767     .debug_pubnames     drv_l1_system.o
    0x00005dd4   0x0000002c   Dbug   RW   770     .debug_pubnames     drv_l1_system.o
    0x00005e00   0x00000028   Dbug   RW   773     .debug_pubnames     drv_l1_system.o
    0x00005e28   0x00000024   Dbug   RW   776     .debug_pubnames     drv_l1_system.o
    0x00005e4c   0x00000030   Dbug   RW   788     .debug_pubnames     drv_l1_system.o
    0x00005e7c   0x00000028   Dbug   RW   794     .debug_pubnames     drv_l1_system.o
    0x00005ea4   0x00000028   Dbug   RW   800     .debug_pubnames     drv_l1_system.o
    0x00005ecc   0x00000028   Dbug   RW   803     .debug_pubnames     drv_l1_system.o
    0x00005ef4   0x0000002c   Dbug   RW   806     .debug_pubnames     drv_l1_system.o
    0x00005f20   0x0000002c   Dbug   RW   809     .debug_pubnames     drv_l1_system.o
    0x00005f4c   0x0000008c   Dbug   RW   812     .debug_pubnames     drv_l1_system.o
    0x00005fd8   0x0000002c   Dbug   RW   817     .debug_pubnames     drv_l1_system.o
    0x00006004   0x00000028   Dbug   RW   822     .debug_pubnames     drv_l1_system.o
    0x0000602c   0x00000024   Dbug   RW   827     .debug_pubnames     drv_l1_system.o
    0x00006050   0x00000030   Dbug   RW   832     .debug_pubnames     drv_l1_system.o
    0x00006080   0x0000002c   Dbug   RW   836     .debug_pubnames     drv_l1_system.o
    0x000060ac   0x00000028   Dbug   RW   841     .debug_pubnames     drv_l1_system.o
    0x000060d4   0x00000024   Dbug   RW   846     .debug_pubnames     drv_l1_system.o
    0x000060f8   0x00000030   Dbug   RW   865     .debug_pubnames     drv_l1_system.o
    0x00006128   0x00000028   Dbug   RW   875     .debug_pubnames     drv_l1_system.o
    0x00006150   0x00000028   Dbug   RW   885     .debug_pubnames     drv_l1_system.o
    0x00006178   0x00000028   Dbug   RW   890     .debug_pubnames     drv_l1_system.o
    0x000061a0   0x0000002c   Dbug   RW   895     .debug_pubnames     drv_l1_system.o
    0x000061cc   0x00000098   Dbug   RW   900     .debug_pubnames     drv_l1_system.o
    0x00006264   0x0000002c   Dbug   RW   904     .debug_pubnames     drv_l1_system.o
    0x00006290   0x00001314   Dbug   RW   908     .debug_pubnames     drv_l1_system.o
    0x000075a4   0x00004560   Dbug   RW   920     .debug_pubnames     drv_l1_system.o
    0x0000bb04   0x000014d4   Dbug   RW   924     .debug_pubnames     drv_l1_system.o
    0x0000cfd8   0x0000002c   Dbug   RW   932     .debug_pubnames     drv_l1_system.o
    0x0000d004   0x000000bc   Dbug   RW   936     .debug_pubnames     drv_l1_system.o
    0x0000d0c0   0x0000011c   Dbug   RW   940     .debug_pubnames     drv_l1_system.o
    0x0000d1dc   0x00000024   Dbug   RW   946     .debug_pubnames     drv_l1_timer.o
    0x0000d200   0x00000024   Dbug   RW   949     .debug_pubnames     drv_l1_timer.o
    0x0000d224   0x00000028   Dbug   RW   952     .debug_pubnames     drv_l1_timer.o
    0x0000d24c   0x00000028   Dbug   RW   955     .debug_pubnames     drv_l1_timer.o
    0x0000d274   0x00000028   Dbug   RW   958     .debug_pubnames     drv_l1_timer.o
    0x0000d29c   0x00000028   Dbug   RW   961     .debug_pubnames     drv_l1_timer.o
    0x0000d2c4   0x00000028   Dbug   RW   964     .debug_pubnames     drv_l1_timer.o
    0x0000d2ec   0x00000028   Dbug   RW   967     .debug_pubnames     drv_l1_timer.o
    0x0000d314   0x0000002c   Dbug   RW   970     .debug_pubnames     drv_l1_timer.o
    0x0000d340   0x0000002c   Dbug   RW   973     .debug_pubnames     drv_l1_timer.o
    0x0000d36c   0x0000002c   Dbug   RW   976     .debug_pubnames     drv_l1_timer.o
    0x0000d398   0x00000030   Dbug   RW   979     .debug_pubnames     drv_l1_timer.o
    0x0000d3c8   0x00000028   Dbug   RW   982     .debug_pubnames     drv_l1_timer.o
    0x0000d3f0   0x00000028   Dbug   RW   985     .debug_pubnames     drv_l1_timer.o
    0x0000d418   0x00000024   Dbug   RW   988     .debug_pubnames     drv_l1_timer.o
    0x0000d43c   0x00000028   Dbug   RW   991     .debug_pubnames     drv_l1_timer.o
    0x0000d464   0x00000024   Dbug   RW   994     .debug_pubnames     drv_l1_timer.o
    0x0000d488   0x0000002c   Dbug   RW   997     .debug_pubnames     drv_l1_timer.o
    0x0000d4b4   0x00000028   Dbug   RW  1000     .debug_pubnames     drv_l1_timer.o
    0x0000d4dc   0x0000002c   Dbug   RW  1003     .debug_pubnames     drv_l1_timer.o
    0x0000d508   0x00000030   Dbug   RW  1006     .debug_pubnames     drv_l1_timer.o
    0x0000d538   0x00000028   Dbug   RW  1009     .debug_pubnames     drv_l1_timer.o
    0x0000d560   0x00000028   Dbug   RW  1012     .debug_pubnames     drv_l1_timer.o
    0x0000d588   0x00000028   Dbug   RW  1015     .debug_pubnames     drv_l1_timer.o
    0x0000d5b0   0x00000024   Dbug   RW  1018     .debug_pubnames     drv_l1_timer.o
    0x0000d5d4   0x00000130   Dbug   RW  1021     .debug_pubnames     drv_l1_timer.o
    0x0000d704   0x00000320   Dbug   RW  1025     .debug_pubnames     drv_l1_timer.o
    0x0000da24   0x00000024   Dbug   RW  1036     .debug_pubnames     drv_l1_uart.o
    0x0000da48   0x00000028   Dbug   RW  1039     .debug_pubnames     drv_l1_uart.o
    0x0000da70   0x00000028   Dbug   RW  1042     .debug_pubnames     drv_l1_uart.o
    0x0000da98   0x00000024   Dbug   RW  1045     .debug_pubnames     drv_l1_uart.o
    0x0000dabc   0x00000024   Dbug   RW  1048     .debug_pubnames     drv_l1_uart.o
    0x0000dae0   0x00000028   Dbug   RW  1051     .debug_pubnames     drv_l1_uart.o
    0x0000db08   0x0000002c   Dbug   RW  1054     .debug_pubnames     drv_l1_uart.o
    0x0000db34   0x0000002c   Dbug   RW  1057     .debug_pubnames     drv_l1_uart.o
    0x0000db60   0x0000002c   Dbug   RW  1060     .debug_pubnames     drv_l1_uart.o
    0x0000db8c   0x00000028   Dbug   RW  1063     .debug_pubnames     drv_l1_uart.o
    0x0000dbb4   0x00000028   Dbug   RW  1066     .debug_pubnames     drv_l1_uart.o
    0x0000dbdc   0x00000020   Dbug   RW  1069     .debug_pubnames     drv_l1_uart.o
    0x0000dbfc   0x00000028   Dbug   RW  1072     .debug_pubnames     drv_l1_uart.o
    0x0000dc24   0x00000028   Dbug   RW  1075     .debug_pubnames     drv_l1_uart.o
    0x0000dc4c   0x00000028   Dbug   RW  1078     .debug_pubnames     drv_l1_uart.o
    0x0000dc74   0x00000028   Dbug   RW  1081     .debug_pubnames     drv_l1_uart.o
    0x0000dc9c   0x00000024   Dbug   RW  1084     .debug_pubnames     drv_l1_uart.o
    0x0000dcc0   0x00000028   Dbug   RW  1087     .debug_pubnames     drv_l1_uart.o
    0x0000dce8   0x00000028   Dbug   RW  1090     .debug_pubnames     drv_l1_uart.o
    0x0000dd10   0x00000028   Dbug   RW  1093     .debug_pubnames     drv_l1_uart.o
    0x0000dd38   0x00000024   Dbug   RW  1096     .debug_pubnames     drv_l1_uart.o
    0x0000dd5c   0x00000028   Dbug   RW  1099     .debug_pubnames     drv_l1_uart.o
    0x0000dd84   0x00000030   Dbug   RW  1102     .debug_pubnames     drv_l1_uart.o
    0x0000ddb4   0x0000002c   Dbug   RW  1105     .debug_pubnames     drv_l1_uart.o
    0x0000dde0   0x00000030   Dbug   RW  1108     .debug_pubnames     drv_l1_uart.o
    0x0000de10   0x00000028   Dbug   RW  1111     .debug_pubnames     drv_l1_uart.o
    0x0000de38   0x00000030   Dbug   RW  1114     .debug_pubnames     drv_l1_uart.o
    0x0000de68   0x00000024   Dbug   RW  1117     .debug_pubnames     drv_l1_uart.o
    0x0000de8c   0x000000c4   Dbug   RW  1120     .debug_pubnames     drv_l1_uart.o
    0x0000df50   0x000002b8   Dbug   RW  1124     .debug_pubnames     drv_l1_uart.o
    0x0000e208   0x00000024   Dbug   RW  1130     .debug_pubnames     drv_l1_watchdog.o
    0x0000e22c   0x00000020   Dbug   RW  1133     .debug_pubnames     drv_l1_watchdog.o
    0x0000e24c   0x00000024   Dbug   RW  1136     .debug_pubnames     drv_l1_watchdog.o
    0x0000e270   0x00000028   Dbug   RW  1139     .debug_pubnames     drv_l1_watchdog.o
    0x0000e298   0x00000058   Dbug   RW  1146     .debug_pubnames     drv_l1_watchdog.o
    0x0000e2f0   0x00000020   Dbug   RW  1167     .debug_pubnames     gp_stdlib.o
    0x0000e310   0x00000020   Dbug   RW  1170     .debug_pubnames     gp_stdlib.o
    0x0000e330   0x00000020   Dbug   RW  1173     .debug_pubnames     gp_stdlib.o
    0x0000e350   0x00000024   Dbug   RW  1176     .debug_pubnames     gp_stdlib.o
    0x0000e374   0x00000024   Dbug   RW  1179     .debug_pubnames     gp_stdlib.o
    0x0000e398   0x00000020   Dbug   RW  1182     .debug_pubnames     gp_stdlib.o
    0x0000e3b8   0x00000020   Dbug   RW  1185     .debug_pubnames     gp_stdlib.o
    0x0000e3d8   0x00000020   Dbug   RW  1188     .debug_pubnames     gp_stdlib.o
    0x0000e3f8   0x00000020   Dbug   RW  1191     .debug_pubnames     gp_stdlib.o
    0x0000e418   0x000000a8   Dbug   RW  1197     .debug_pubnames     gp_stdlib.o
    0x0000e4c0   0x00000028   Dbug   RW  1204     .debug_pubnames     main.o
    0x0000e4e8   0x0000001c   Dbug   RW  1207     .debug_pubnames     main.o
    0x0000e504   0x00000094   Dbug   RW  1210     .debug_pubnames     main.o
    0x0000e598   0x00000030   Dbug   RW  1214     .debug_pubnames     main.o
    0x0000e5c8   0x00000028   Dbug   RW  1231     .debug_pubnames     system_timer.o
    0x0000e5f0   0x0000002c   Dbug   RW  1234     .debug_pubnames     system_timer.o
    0x0000e61c   0x00000028   Dbug   RW  1237     .debug_pubnames     system_timer.o
    0x0000e644   0x0000002c   Dbug   RW  1240     .debug_pubnames     system_timer.o
    0x0000e670   0x0000002c   Dbug   RW  1243     .debug_pubnames     system_timer.o
    0x0000e69c   0x0000002c   Dbug   RW  1246     .debug_pubnames     system_timer.o
    0x0000e6c8   0x00000154   Dbug   RW  1249     .debug_pubnames     system_timer.o
    0x0000e81c   0x000000e0   Dbug   RW  1253     .debug_pubnames     system_timer.o
    0x0000e8fc   0x00000024   Dbug   RW  1258     .debug_pubnames     system_timer.o
    0x0000e920   0x00000024   Dbug   RW  1263     .debug_pubnames     driver_l2_init.o
    0x0000e944   0x00000024   Dbug   RW  1269     .debug_pubnames     driver_l2_init.o
    0x0000e968   0x00000024   Dbug   RW  1341     .debug_pubnames     gplib_mm_gplus.o
    0x0000e98c   0x00000028   Dbug   RW  1344     .debug_pubnames     gplib_mm_gplus.o
    0x0000e9b4   0x00000024   Dbug   RW  1347     .debug_pubnames     gplib_mm_gplus.o
    0x0000e9d8   0x00000020   Dbug   RW  1350     .debug_pubnames     gplib_mm_gplus.o
    0x0000e9f8   0x00000028   Dbug   RW  1353     .debug_pubnames     gplib_mm_gplus.o
    0x0000ea20   0x00000020   Dbug   RW  1356     .debug_pubnames     gplib_mm_gplus.o
    0x0000ea40   0x00000020   Dbug   RW  1359     .debug_pubnames     gplib_mm_gplus.o
    0x0000ea60   0x000001d4   Dbug   RW  1362     .debug_pubnames     gplib_mm_gplus.o
    0x0000ec34   0x00000084   Dbug   RW  1366     .debug_pubnames     gplib_mm_gplus.o
    0x0000ecb8   0x0000002c   Dbug   RW  1378     .debug_pubnames     gplib_calendar.o
    0x0000ece4   0x00000024   Dbug   RW  1381     .debug_pubnames     gplib_calendar.o
    0x0000ed08   0x00000028   Dbug   RW  1384     .debug_pubnames     gplib_calendar.o
    0x0000ed30   0x00000024   Dbug   RW  1387     .debug_pubnames     gplib_calendar.o
    0x0000ed54   0x00000030   Dbug   RW  1390     .debug_pubnames     gplib_calendar.o
    0x0000ed84   0x00000028   Dbug   RW  1393     .debug_pubnames     gplib_calendar.o
    0x0000edac   0x00000028   Dbug   RW  1396     .debug_pubnames     gplib_calendar.o
    0x0000edd4   0x00000034   Dbug   RW  1399     .debug_pubnames     gplib_calendar.o
    0x0000ee08   0x00000098   Dbug   RW  1402     .debug_pubnames     gplib_calendar.o
    0x0000eea0   0x000000d4   Dbug   RW  1406     .debug_pubnames     gplib_calendar.o
    0x0000ef74   0x00000020   Dbug   RW  1411     .debug_pubnames     gplib_calendar.o
    0x0000ef94   0x00000024   Dbug   RW  1416     .debug_pubnames     gplib_init.o
    0x0000efb8   0x00000024   Dbug   RW  1422     .debug_pubnames     gplib_init.o
    0x0000efdc   0x00000024   Dbug   RW  1429     .debug_pubnames     gplib_print_string.o
    0x0000f000   0x00000024   Dbug   RW  1432     .debug_pubnames     gplib_print_string.o
    0x0000f024   0x00000020   Dbug   RW  1435     .debug_pubnames     gplib_print_string.o
    0x0000f044   0x00000034   Dbug   RW  1439     .debug_pubnames     gplib_print_string.o
    0x0000f078   0x00000020   Dbug   RW  1447     .debug_pubnames     gplib_print_string.o
    0x0000f098   0x00000084   Dbug   RW  1451     .debug_pubnames     gplib_print_string.o
    0x0000f11c   0x00000028   Dbug   RW  1457     .debug_pubnames     nvram.o
    0x0000f144   0x00000028   Dbug   RW  1460     .debug_pubnames     nvram.o
    0x0000f16c   0x00000028   Dbug   RW  1463     .debug_pubnames     nvram.o
    0x0000f194   0x00000024   Dbug   RW  1466     .debug_pubnames     nvram.o
    0x0000f1b8   0x0000002c   Dbug   RW  1469     .debug_pubnames     nvram.o
    0x0000f1e4   0x00000024   Dbug   RW  1472     .debug_pubnames     nvram.o
    0x0000f208   0x00000028   Dbug   RW  1475     .debug_pubnames     nvram.o
    0x0000f230   0x00000020   Dbug   RW  1478     .debug_pubnames     nvram.o
    0x0000f250   0x00000030   Dbug   RW  1481     .debug_pubnames     nvram.o
    0x0000f280   0x00000028   Dbug   RW  1484     .debug_pubnames     nvram.o
    0x0000f2a8   0x00000024   Dbug   RW  1487     .debug_pubnames     nvram.o
    0x0000f2cc   0x00000030   Dbug   RW  1490     .debug_pubnames     nvram.o
    0x0000f2fc   0x00000034   Dbug   RW  1493     .debug_pubnames     nvram.o
    0x0000f330   0x00000030   Dbug   RW  1496     .debug_pubnames     nvram.o
    0x0000f360   0x00000030   Dbug   RW  1499     .debug_pubnames     nvram.o
    0x0000f390   0x0000002c   Dbug   RW  1502     .debug_pubnames     nvram.o
    0x0000f3bc   0x00000030   Dbug   RW  1505     .debug_pubnames     nvram.o
    0x0000f3ec   0x000000c4   Dbug   RW  1508     .debug_pubnames     nvram.o
    0x0000f4b0   0x00000230   Dbug   RW  1512     .debug_pubnames     nvram.o
    0x0000f6e0   0x0000002c   Dbug   RW  1524     .debug_pubnames     task_state_handling.o
    0x0000f70c   0x0000004c   Dbug   RW  1527     .debug_pubnames     task_state_handling.o
    0x0000f758   0x00000044   Dbug   RW  1531     .debug_pubnames     task_state_handling.o
    0x0000f79c   0x000014d4   Dbug   RW  1535     .debug_pubnames     task_state_handling.o
    0x00010c70   0x00000218   Dbug   RW  1538     .debug_pubnames     task_state_handling.o
    0x00010e88   0x0000006c   Dbug   RW  1545     .debug_pubnames     task_state_handling.o
    0x00010ef4   0x00000034   Dbug   RW  1554     .debug_pubnames     task_peripheral_handling.o
    0x00010f28   0x000001d8   Dbug   RW  1557     .debug_pubnames     task_peripheral_handling.o
    0x00011100   0x00000058   Dbug   RW  1561     .debug_pubnames     task_peripheral_handling.o
    0x00011158   0x000014d4   Dbug   RW  1565     .debug_pubnames     task_peripheral_handling.o
    0x0001262c   0x00000038   Dbug   RW  1567     .debug_pubnames     task_peripheral_handling.o
    0x00012664   0x00000218   Dbug   RW  1569     .debug_pubnames     task_peripheral_handling.o
    0x0001287c   0x00000024   Dbug   RW  1588     .debug_pubnames     msg_manager.o
    0x000128a0   0x00000024   Dbug   RW  1591     .debug_pubnames     msg_manager.o
    0x000128c4   0x00000024   Dbug   RW  1594     .debug_pubnames     msg_manager.o
    0x000128e8   0x00000020   Dbug   RW  1597     .debug_pubnames     msg_manager.o
    0x00012908   0x00000024   Dbug   RW  1600     .debug_pubnames     msg_manager.o
    0x0001292c   0x00000020   Dbug   RW  1603     .debug_pubnames     msg_manager.o
    0x0001294c   0x00000024   Dbug   RW  1606     .debug_pubnames     msg_manager.o
    0x00012970   0x00000024   Dbug   RW  1609     .debug_pubnames     msg_manager.o
    0x00012994   0x00000020   Dbug   RW  1612     .debug_pubnames     msg_manager.o
    0x000129b4   0x00000024   Dbug   RW  1615     .debug_pubnames     msg_manager.o
    0x000129d8   0x000000a8   Dbug   RW  1621     .debug_pubnames     msg_manager.o
    0x00012a80   0x00000028   Dbug   RW  1631     .debug_pubnames     video_codec_callback.o
    0x00012aa8   0x00000030   Dbug   RW  1634     .debug_pubnames     video_codec_callback.o
    0x00012ad8   0x00000030   Dbug   RW  1637     .debug_pubnames     video_codec_callback.o
    0x00012b08   0x00000030   Dbug   RW  1640     .debug_pubnames     video_codec_callback.o
    0x00012b38   0x00000038   Dbug   RW  1643     .debug_pubnames     video_codec_callback.o
    0x00012b70   0x00000030   Dbug   RW  1646     .debug_pubnames     video_codec_callback.o
    0x00012ba0   0x00000028   Dbug   RW  1649     .debug_pubnames     video_codec_callback.o
    0x00012bc8   0x00000030   Dbug   RW  1652     .debug_pubnames     video_codec_callback.o
    0x00012bf8   0x00000030   Dbug   RW  1655     .debug_pubnames     video_codec_callback.o
    0x00012c28   0x00000034   Dbug   RW  1658     .debug_pubnames     video_codec_callback.o
    0x00012c5c   0x00000038   Dbug   RW  1661     .debug_pubnames     video_codec_callback.o
    0x00012c94   0x00000038   Dbug   RW  1664     .debug_pubnames     video_codec_callback.o
    0x00012ccc   0x000000a8   Dbug   RW  1667     .debug_pubnames     video_codec_callback.o
    0x00012d74   0x000001b8   Dbug   RW  1671     .debug_pubnames     video_codec_callback.o
    0x00012f2c   0x0000002c   Dbug   RW  1680     .debug_pubnames     video_encoder.o
    0x00012f58   0x00000030   Dbug   RW  1683     .debug_pubnames     video_encoder.o
    0x00012f88   0x00000028   Dbug   RW  1686     .debug_pubnames     video_encoder.o
    0x00012fb0   0x0000002c   Dbug   RW  1689     .debug_pubnames     video_encoder.o
    0x00012fdc   0x00000028   Dbug   RW  1692     .debug_pubnames     video_encoder.o
    0x00013004   0x00000038   Dbug   RW  1695     .debug_pubnames     video_encoder.o
    0x0001303c   0x0000003c   Dbug   RW  1698     .debug_pubnames     video_encoder.o
    0x00013078   0x0000003c   Dbug   RW  1701     .debug_pubnames     video_encoder.o
    0x000130b4   0x00000040   Dbug   RW  1704     .debug_pubnames     video_encoder.o
    0x000130f4   0x00000034   Dbug   RW  1707     .debug_pubnames     video_encoder.o
    0x00013128   0x00000040   Dbug   RW  1710     .debug_pubnames     video_encoder.o
    0x00013168   0x00000030   Dbug   RW  1713     .debug_pubnames     video_encoder.o
    0x00013198   0x00000030   Dbug   RW  1716     .debug_pubnames     video_encoder.o
    0x000131c8   0x000001f4   Dbug   RW  1722     .debug_pubnames     video_encoder.o
    0x000133bc   0x00000028   Dbug   RW  1744     .debug_pubnames     state_usb.o
    0x000133e4   0x00000020   Dbug   RW  1747     .debug_pubnames     state_usb.o
    0x00013404   0x0000002c   Dbug   RW  1750     .debug_pubnames     state_usb.o
    0x00013430   0x00000028   Dbug   RW  1753     .debug_pubnames     state_usb.o
    0x00013458   0x00000028   Dbug   RW  1756     .debug_pubnames     state_usb.o
    0x00013480   0x00000024   Dbug   RW  1759     .debug_pubnames     state_usb.o
    0x000134a4   0x00000024   Dbug   RW  1762     .debug_pubnames     state_usb.o
    0x000134c8   0x00000024   Dbug   RW  1765     .debug_pubnames     state_usb.o
    0x000134ec   0x0000002c   Dbug   RW  1768     .debug_pubnames     state_usb.o
    0x00013518   0x0000002c   Dbug   RW  1771     .debug_pubnames     state_usb.o
    0x00013544   0x000000f4   Dbug   RW  1774     .debug_pubnames     state_usb.o
    0x00013638   0x00000100   Dbug   RW  1778     .debug_pubnames     state_usb.o
    0x00013738   0x000014d4   Dbug   RW  1782     .debug_pubnames     state_usb.o
    0x00014c0c   0x000000dc   Dbug   RW  1788     .debug_pubnames     state_usb.o
    0x00014ce8   0x00000228   Dbug   RW  1796     .debug_pubnames     state_usb.o
    0x00014f10   0x000001fc   Dbug   RW  1799     .debug_pubnames     state_usb.o
    0x0001510c   0x00000218   Dbug   RW  1801     .debug_pubnames     state_usb.o
    0x00015324   0x0000002c   Dbug   RW  1809     .debug_pubnames     state_startup.o
    0x00015350   0x0000002c   Dbug   RW  1812     .debug_pubnames     state_startup.o
    0x0001537c   0x0000002c   Dbug   RW  1815     .debug_pubnames     state_startup.o
    0x000153a8   0x00000058   Dbug   RW  1821     .debug_pubnames     state_startup.o
    0x00015400   0x00000028   Dbug   RW  1836     .debug_pubnames     ap_startup.o
    0x00015428   0x00000028   Dbug   RW  1842     .debug_pubnames     ap_startup.o
    0x00015450   0x0000002c   Dbug   RW  1857     .debug_pubnames     ap_video_preview.o
    0x0001547c   0x00000034   Dbug   RW  1860     .debug_pubnames     ap_video_preview.o
    0x000154b0   0x00000038   Dbug   RW  1863     .debug_pubnames     ap_video_preview.o
    0x000154e8   0x0000002c   Dbug   RW  1866     .debug_pubnames     ap_video_preview.o
    0x00015514   0x00000038   Dbug   RW  1869     .debug_pubnames     ap_video_preview.o
    0x0001554c   0x00000034   Dbug   RW  1872     .debug_pubnames     ap_video_preview.o
    0x00015580   0x00000044   Dbug   RW  1875     .debug_pubnames     ap_video_preview.o
    0x000155c4   0x00000034   Dbug   RW  1878     .debug_pubnames     ap_video_preview.o
    0x000155f8   0x00000098   Dbug   RW  1881     .debug_pubnames     ap_video_preview.o
    0x00015690   0x000001c0   Dbug   RW  1885     .debug_pubnames     ap_video_preview.o
    0x00015850   0x000014d4   Dbug   RW  1889     .debug_pubnames     ap_video_preview.o
    0x00016d24   0x00000028   Dbug   RW  1892     .debug_pubnames     ap_video_preview.o
    0x00016d4c   0x00000030   Dbug   RW  1901     .debug_pubnames     state_video_preview.o
    0x00016d7c   0x00000030   Dbug   RW  1904     .debug_pubnames     state_video_preview.o
    0x00016dac   0x00000074   Dbug   RW  1907     .debug_pubnames     state_video_preview.o
    0x00016e20   0x0000008c   Dbug   RW  1911     .debug_pubnames     state_video_preview.o
    0x00016eac   0x00000028   Dbug   RW  1915     .debug_pubnames     state_video_preview.o
    0x00016ed4   0x00000024   Dbug   RW  1935     .debug_pubnames     ap_peripheral_handling.o
    0x00016ef8   0x00000034   Dbug   RW  1938     .debug_pubnames     ap_peripheral_handling.o
    0x00016f2c   0x00000034   Dbug   RW  1941     .debug_pubnames     ap_peripheral_handling.o
    0x00016f60   0x00000034   Dbug   RW  1944     .debug_pubnames     ap_peripheral_handling.o
    0x00016f94   0x00000024   Dbug   RW  1947     .debug_pubnames     ap_peripheral_handling.o
    0x00016fb8   0x00000024   Dbug   RW  1950     .debug_pubnames     ap_peripheral_handling.o
    0x00016fdc   0x00000024   Dbug   RW  1953     .debug_pubnames     ap_peripheral_handling.o
    0x00017000   0x00000024   Dbug   RW  1956     .debug_pubnames     ap_peripheral_handling.o
    0x00017024   0x0000002c   Dbug   RW  1959     .debug_pubnames     ap_peripheral_handling.o
    0x00017050   0x00000038   Dbug   RW  1962     .debug_pubnames     ap_peripheral_handling.o
    0x00017088   0x00000038   Dbug   RW  1965     .debug_pubnames     ap_peripheral_handling.o
    0x000170c0   0x00000038   Dbug   RW  1968     .debug_pubnames     ap_peripheral_handling.o
    0x000170f8   0x00000040   Dbug   RW  1971     .debug_pubnames     ap_peripheral_handling.o
    0x00017138   0x00000034   Dbug   RW  1974     .debug_pubnames     ap_peripheral_handling.o
    0x0001716c   0x0000003c   Dbug   RW  1977     .debug_pubnames     ap_peripheral_handling.o
    0x000171a8   0x00000034   Dbug   RW  1980     .debug_pubnames     ap_peripheral_handling.o
    0x000171dc   0x00000034   Dbug   RW  1983     .debug_pubnames     ap_peripheral_handling.o
    0x00017210   0x00000030   Dbug   RW  1986     .debug_pubnames     ap_peripheral_handling.o
    0x00017240   0x00000030   Dbug   RW  1989     .debug_pubnames     ap_peripheral_handling.o
    0x00017270   0x00000034   Dbug   RW  1992     .debug_pubnames     ap_peripheral_handling.o
    0x000172a4   0x00000038   Dbug   RW  1995     .debug_pubnames     ap_peripheral_handling.o
    0x000172dc   0x00000034   Dbug   RW  1998     .debug_pubnames     ap_peripheral_handling.o
    0x00017310   0x00000038   Dbug   RW  2001     .debug_pubnames     ap_peripheral_handling.o
    0x00017348   0x0000048c   Dbug   RW  2004     .debug_pubnames     ap_peripheral_handling.o
    0x000177d4   0x0000040c   Dbug   RW  2008     .debug_pubnames     ap_peripheral_handling.o
    0x00017be0   0x000014d4   Dbug   RW  2012     .debug_pubnames     ap_peripheral_handling.o
    0x000190b4   0x00000038   Dbug   RW  2014     .debug_pubnames     ap_peripheral_handling.o
    0x000190ec   0x00000030   Dbug   RW  2022     .debug_pubnames     ap_storage_service.o
    0x0001911c   0x00000038   Dbug   RW  2025     .debug_pubnames     ap_storage_service.o
    0x00019154   0x0000002c   Dbug   RW  2028     .debug_pubnames     ap_storage_service.o
    0x00019180   0x00000038   Dbug   RW  2031     .debug_pubnames     ap_storage_service.o
    0x000191b8   0x00000040   Dbug   RW  2034     .debug_pubnames     ap_storage_service.o
    0x000191f8   0x00000034   Dbug   RW  2037     .debug_pubnames     ap_storage_service.o
    0x0001922c   0x00000038   Dbug   RW  2040     .debug_pubnames     ap_storage_service.o
    0x00019264   0x00000038   Dbug   RW  2043     .debug_pubnames     ap_storage_service.o
    0x0001929c   0x0000003c   Dbug   RW  2046     .debug_pubnames     ap_storage_service.o
    0x000192d8   0x0000003c   Dbug   RW  2049     .debug_pubnames     ap_storage_service.o
    0x00019314   0x00000034   Dbug   RW  2052     .debug_pubnames     ap_storage_service.o
    0x00019348   0x00000038   Dbug   RW  2055     .debug_pubnames     ap_storage_service.o
    0x00019380   0x00000024   Dbug   RW  2058     .debug_pubnames     ap_storage_service.o
    0x000193a4   0x00000024   Dbug   RW  2061     .debug_pubnames     ap_storage_service.o
    0x000193c8   0x000002f8   Dbug   RW  2064     .debug_pubnames     ap_storage_service.o
    0x000196c0   0x000003f8   Dbug   RW  2068     .debug_pubnames     ap_storage_service.o
    0x00019ab8   0x000014d4   Dbug   RW  2072     .debug_pubnames     ap_storage_service.o
    0x0001af8c   0x00000158   Dbug   RW  2081     .debug_pubnames     ap_storage_service.o
    0x0001b0e4   0x00000030   Dbug   RW  2089     .debug_pubnames     task_storage_service.o
    0x0001b114   0x000000b4   Dbug   RW  2092     .debug_pubnames     task_storage_service.o
    0x0001b1c8   0x00000050   Dbug   RW  2096     .debug_pubnames     task_storage_service.o
    0x0001b218   0x000014d4   Dbug   RW  2100     .debug_pubnames     task_storage_service.o
    0x0001c6ec   0x00000038   Dbug   RW  2113     .debug_pubnames     ap_state_handling.o
    0x0001c724   0x00000038   Dbug   RW  2116     .debug_pubnames     ap_state_handling.o
    0x0001c75c   0x0000003c   Dbug   RW  2119     .debug_pubnames     ap_state_handling.o
    0x0001c798   0x00000038   Dbug   RW  2122     .debug_pubnames     ap_state_handling.o
    0x0001c7d0   0x00000038   Dbug   RW  2125     .debug_pubnames     ap_state_handling.o
    0x0001c808   0x00000038   Dbug   RW  2128     .debug_pubnames     ap_state_handling.o
    0x0001c840   0x00000030   Dbug   RW  2131     .debug_pubnames     ap_state_handling.o
    0x0001c870   0x00000030   Dbug   RW  2134     .debug_pubnames     ap_state_handling.o
    0x0001c8a0   0x00000038   Dbug   RW  2137     .debug_pubnames     ap_state_handling.o
    0x0001c8d8   0x00000038   Dbug   RW  2140     .debug_pubnames     ap_state_handling.o
    0x0001c910   0x0000001c   Dbug   RW  2143     .debug_pubnames     ap_state_handling.o
    0x0001c92c   0x0000003c   Dbug   RW  2146     .debug_pubnames     ap_state_handling.o
    0x0001c968   0x00000038   Dbug   RW  2149     .debug_pubnames     ap_state_handling.o
    0x0001c9a0   0x00000030   Dbug   RW  2152     .debug_pubnames     ap_state_handling.o
    0x0001c9d0   0x00000034   Dbug   RW  2155     .debug_pubnames     ap_state_handling.o
    0x0001ca04   0x00000034   Dbug   RW  2158     .debug_pubnames     ap_state_handling.o
    0x0001ca38   0x00000034   Dbug   RW  2161     .debug_pubnames     ap_state_handling.o
    0x0001ca6c   0x00000038   Dbug   RW  2164     .debug_pubnames     ap_state_handling.o
    0x0001caa4   0x00000218   Dbug   RW  2167     .debug_pubnames     ap_state_handling.o
    0x0001ccbc   0x000002a8   Dbug   RW  2171     .debug_pubnames     ap_state_handling.o
    0x0001cf64   0x00000218   Dbug   RW  2175     .debug_pubnames     ap_state_handling.o
    0x0001d17c   0x0000002c   Dbug   RW  2194     .debug_pubnames     ap_video_record.o
    0x0001d1a8   0x00000038   Dbug   RW  2197     .debug_pubnames     ap_video_record.o
    0x0001d1e0   0x00000038   Dbug   RW  2200     .debug_pubnames     ap_video_record.o
    0x0001d218   0x0000003c   Dbug   RW  2203     .debug_pubnames     ap_video_record.o
    0x0001d254   0x0000003c   Dbug   RW  2206     .debug_pubnames     ap_video_record.o
    0x0001d290   0x00000030   Dbug   RW  2209     .debug_pubnames     ap_video_record.o
    0x0001d2c0   0x0000002c   Dbug   RW  2212     .debug_pubnames     ap_video_record.o
    0x0001d2ec   0x00000034   Dbug   RW  2215     .debug_pubnames     ap_video_record.o
    0x0001d320   0x0000002c   Dbug   RW  2218     .debug_pubnames     ap_video_record.o
    0x0001d34c   0x00000038   Dbug   RW  2221     .debug_pubnames     ap_video_record.o
    0x0001d384   0x00000030   Dbug   RW  2224     .debug_pubnames     ap_video_record.o
    0x0001d3b4   0x00000030   Dbug   RW  2227     .debug_pubnames     ap_video_record.o
    0x0001d3e4   0x00000030   Dbug   RW  2230     .debug_pubnames     ap_video_record.o
    0x0001d414   0x00000038   Dbug   RW  2233     .debug_pubnames     ap_video_record.o
    0x0001d44c   0x00000034   Dbug   RW  2236     .debug_pubnames     ap_video_record.o
    0x0001d480   0x00000108   Dbug   RW  2239     .debug_pubnames     ap_video_record.o
    0x0001d588   0x0000027c   Dbug   RW  2243     .debug_pubnames     ap_video_record.o
    0x0001d804   0x00000030   Dbug   RW  2250     .debug_pubnames     state_video_record.o
    0x0001d834   0x00000030   Dbug   RW  2253     .debug_pubnames     state_video_record.o
    0x0001d864   0x00000074   Dbug   RW  2256     .debug_pubnames     state_video_record.o
    0x0001d8d8   0x00000068   Dbug   RW  2260     .debug_pubnames     state_video_record.o
    0x0001d940   0x00000024   Dbug   RW  2371     .debug_pubnames     drv_l1_sensor.o
    0x0001d964   0x00000024   Dbug   RW  2374     .debug_pubnames     drv_l1_sensor.o
    0x0001d988   0x00000020   Dbug   RW  2377     .debug_pubnames     drv_l1_sensor.o
    0x0001d9a8   0x00000020   Dbug   RW  2380     .debug_pubnames     drv_l1_sensor.o
    0x0001d9c8   0x00000024   Dbug   RW  2383     .debug_pubnames     drv_l1_sensor.o
    0x0001d9ec   0x00000020   Dbug   RW  2386     .debug_pubnames     drv_l1_sensor.o
    0x0001da0c   0x00000020   Dbug   RW  2389     .debug_pubnames     drv_l1_sensor.o
    0x0001da2c   0x00000030   Dbug   RW  2392     .debug_pubnames     drv_l1_sensor.o
    0x0001da5c   0x00000030   Dbug   RW  2395     .debug_pubnames     drv_l1_sensor.o
    0x0001da8c   0x00000030   Dbug   RW  2398     .debug_pubnames     drv_l1_sensor.o
    0x0001dabc   0x00000028   Dbug   RW  2401     .debug_pubnames     drv_l1_sensor.o
    0x0001dae4   0x0000002c   Dbug   RW  2404     .debug_pubnames     drv_l1_sensor.o
    0x0001db10   0x0000002c   Dbug   RW  2407     .debug_pubnames     drv_l1_sensor.o
    0x0001db3c   0x0000002c   Dbug   RW  2410     .debug_pubnames     drv_l1_sensor.o
    0x0001db68   0x00000034   Dbug   RW  2413     .debug_pubnames     drv_l1_sensor.o
    0x0001db9c   0x00000030   Dbug   RW  2416     .debug_pubnames     drv_l1_sensor.o
    0x0001dbcc   0x00000034   Dbug   RW  2419     .debug_pubnames     drv_l1_sensor.o
    0x0001dc00   0x000001ac   Dbug   RW  2426     .debug_pubnames     drv_l1_sensor.o
    0x0001ddac   0x0000002c   Dbug   RW  2446     .debug_pubnames     ap_display.o
    0x0001ddd8   0x00000030   Dbug   RW  2449     .debug_pubnames     ap_display.o
    0x0001de08   0x0000002c   Dbug   RW  2452     .debug_pubnames     ap_display.o
    0x0001de34   0x0000002c   Dbug   RW  2455     .debug_pubnames     ap_display.o
    0x0001de60   0x0000002c   Dbug   RW  2458     .debug_pubnames     ap_display.o
    0x0001de8c   0x00000030   Dbug   RW  2461     .debug_pubnames     ap_display.o
    0x0001debc   0x0000002c   Dbug   RW  2464     .debug_pubnames     ap_display.o
    0x0001dee8   0x00000030   Dbug   RW  2467     .debug_pubnames     ap_display.o
    0x0001df18   0x00000038   Dbug   RW  2470     .debug_pubnames     ap_display.o
    0x0001df50   0x0000002c   Dbug   RW  2473     .debug_pubnames     ap_display.o
    0x0001df7c   0x00000028   Dbug   RW  2476     .debug_pubnames     ap_display.o
    0x0001dfa4   0x0000002c   Dbug   RW  2479     .debug_pubnames     ap_display.o
    0x0001dfd0   0x0000002c   Dbug   RW  2482     .debug_pubnames     ap_display.o
    0x0001dffc   0x00000030   Dbug   RW  2485     .debug_pubnames     ap_display.o
    0x0001e02c   0x00000034   Dbug   RW  2488     .debug_pubnames     ap_display.o
    0x0001e060   0x0000002c   Dbug   RW  2491     .debug_pubnames     ap_display.o
    0x0001e08c   0x00000030   Dbug   RW  2494     .debug_pubnames     ap_display.o
    0x0001e0bc   0x00000034   Dbug   RW  2497     .debug_pubnames     ap_display.o
    0x0001e0f0   0x0000003c   Dbug   RW  2500     .debug_pubnames     ap_display.o
    0x0001e12c   0x00000030   Dbug   RW  2503     .debug_pubnames     ap_display.o
    0x0001e15c   0x00000034   Dbug   RW  2506     .debug_pubnames     ap_display.o
    0x0001e190   0x00000030   Dbug   RW  2509     .debug_pubnames     ap_display.o
    0x0001e1c0   0x00000038   Dbug   RW  2512     .debug_pubnames     ap_display.o
    0x0001e1f8   0x00000034   Dbug   RW  2515     .debug_pubnames     ap_display.o
    0x0001e22c   0x00000038   Dbug   RW  2518     .debug_pubnames     ap_display.o
    0x0001e264   0x00000034   Dbug   RW  2521     .debug_pubnames     ap_display.o
    0x0001e298   0x00000030   Dbug   RW  2524     .debug_pubnames     ap_display.o
    0x0001e2c8   0x00000034   Dbug   RW  2527     .debug_pubnames     ap_display.o
    0x0001e2fc   0x00000038   Dbug   RW  2530     .debug_pubnames     ap_display.o
    0x0001e334   0x00000030   Dbug   RW  2533     .debug_pubnames     ap_display.o
    0x0001e364   0x00000030   Dbug   RW  2536     .debug_pubnames     ap_display.o
    0x0001e394   0x00000030   Dbug   RW  2539     .debug_pubnames     ap_display.o
    0x0001e3c4   0x00000030   Dbug   RW  2542     .debug_pubnames     ap_display.o
    0x0001e3f4   0x00000030   Dbug   RW  2545     .debug_pubnames     ap_display.o
    0x0001e424   0x00000034   Dbug   RW  2548     .debug_pubnames     ap_display.o
    0x0001e458   0x00000028   Dbug   RW  2551     .debug_pubnames     ap_display.o
    0x0001e480   0x00000034   Dbug   RW  2554     .debug_pubnames     ap_display.o
    0x0001e4b4   0x0000003c   Dbug   RW  2557     .debug_pubnames     ap_display.o
    0x0001e4f0   0x00000030   Dbug   RW  2560     .debug_pubnames     ap_display.o
    0x0001e520   0x00000030   Dbug   RW  2563     .debug_pubnames     ap_display.o
    0x0001e550   0x00000034   Dbug   RW  2566     .debug_pubnames     ap_display.o
    0x0001e584   0x0000003c   Dbug   RW  2569     .debug_pubnames     ap_display.o
    0x0001e5c0   0x0000003c   Dbug   RW  2572     .debug_pubnames     ap_display.o
    0x0001e5fc   0x00000040   Dbug   RW  2575     .debug_pubnames     ap_display.o
    0x0001e63c   0x00000034   Dbug   RW  2578     .debug_pubnames     ap_display.o
    0x0001e670   0x00000200   Dbug   RW  2581     .debug_pubnames     ap_display.o
    0x0001e870   0x000005d8   Dbug   RW  2585     .debug_pubnames     ap_display.o
    0x0001ee48   0x00000f1c   Dbug   RW  2589     .debug_pubnames     ap_display.o
    0x0001fd64   0x00000218   Dbug   RW  2596     .debug_pubnames     ap_display.o
    0x0001ff7c   0x00000e98   Dbug   RW  2603     .debug_pubnames     task_display.o
    0x00020e14   0x00000038   Dbug   RW  2608     .debug_pubnames     ap_state_config.o
    0x00020e4c   0x00000038   Dbug   RW  2611     .debug_pubnames     ap_state_config.o
    0x00020e84   0x00000034   Dbug   RW  2614     .debug_pubnames     ap_state_config.o
    0x00020eb8   0x00000034   Dbug   RW  2617     .debug_pubnames     ap_state_config.o
    0x00020eec   0x00000034   Dbug   RW  2620     .debug_pubnames     ap_state_config.o
    0x00020f20   0x00000038   Dbug   RW  2623     .debug_pubnames     ap_state_config.o
    0x00020f58   0x00000038   Dbug   RW  2626     .debug_pubnames     ap_state_config.o
    0x00020f90   0x00000040   Dbug   RW  2629     .debug_pubnames     ap_state_config.o
    0x00020fd0   0x00000040   Dbug   RW  2632     .debug_pubnames     ap_state_config.o
    0x00021010   0x00000038   Dbug   RW  2635     .debug_pubnames     ap_state_config.o
    0x00021048   0x00000038   Dbug   RW  2638     .debug_pubnames     ap_state_config.o
    0x00021080   0x00000030   Dbug   RW  2641     .debug_pubnames     ap_state_config.o
    0x000210b0   0x00000030   Dbug   RW  2644     .debug_pubnames     ap_state_config.o
    0x000210e0   0x00000030   Dbug   RW  2647     .debug_pubnames     ap_state_config.o
    0x00021110   0x00000030   Dbug   RW  2650     .debug_pubnames     ap_state_config.o
    0x00021140   0x00000030   Dbug   RW  2653     .debug_pubnames     ap_state_config.o
    0x00021170   0x00000030   Dbug   RW  2656     .debug_pubnames     ap_state_config.o
    0x000211a0   0x0000003c   Dbug   RW  2659     .debug_pubnames     ap_state_config.o
    0x000211dc   0x0000003c   Dbug   RW  2662     .debug_pubnames     ap_state_config.o
    0x00021218   0x00000040   Dbug   RW  2665     .debug_pubnames     ap_state_config.o
    0x00021258   0x00000040   Dbug   RW  2668     .debug_pubnames     ap_state_config.o
    0x00021298   0x00000030   Dbug   RW  2671     .debug_pubnames     ap_state_config.o
    0x000212c8   0x0000002c   Dbug   RW  2674     .debug_pubnames     ap_state_config.o
    0x000212f4   0x00000038   Dbug   RW  2677     .debug_pubnames     ap_state_config.o
    0x0002132c   0x00000020   Dbug   RW  2680     .debug_pubnames     ap_state_config.o
    0x0002134c   0x0000002c   Dbug   RW  2683     .debug_pubnames     ap_state_config.o
    0x00021378   0x00000038   Dbug   RW  2686     .debug_pubnames     ap_state_config.o
    0x000213b0   0x00000038   Dbug   RW  2689     .debug_pubnames     ap_state_config.o
    0x000213e8   0x00000038   Dbug   RW  2692     .debug_pubnames     ap_state_config.o
    0x00021420   0x00000038   Dbug   RW  2695     .debug_pubnames     ap_state_config.o
    0x00021458   0x00000030   Dbug   RW  2698     .debug_pubnames     ap_state_config.o
    0x00021488   0x00000030   Dbug   RW  2701     .debug_pubnames     ap_state_config.o
    0x000214b8   0x00000034   Dbug   RW  2704     .debug_pubnames     ap_state_config.o
    0x000214ec   0x00000034   Dbug   RW  2707     .debug_pubnames     ap_state_config.o
    0x00021520   0x00000040   Dbug   RW  2710     .debug_pubnames     ap_state_config.o
    0x00021560   0x00000040   Dbug   RW  2713     .debug_pubnames     ap_state_config.o
    0x000215a0   0x00000030   Dbug   RW  2716     .debug_pubnames     ap_state_config.o
    0x000215d0   0x00000034   Dbug   RW  2719     .debug_pubnames     ap_state_config.o
    0x00021604   0x00000034   Dbug   RW  2722     .debug_pubnames     ap_state_config.o
    0x00021638   0x00000038   Dbug   RW  2725     .debug_pubnames     ap_state_config.o
    0x00021670   0x00000038   Dbug   RW  2728     .debug_pubnames     ap_state_config.o
    0x000216a8   0x00000030   Dbug   RW  2731     .debug_pubnames     ap_state_config.o
    0x000216d8   0x00000030   Dbug   RW  2734     .debug_pubnames     ap_state_config.o
    0x00021708   0x00000030   Dbug   RW  2737     .debug_pubnames     ap_state_config.o
    0x00021738   0x00000030   Dbug   RW  2740     .debug_pubnames     ap_state_config.o
    0x00021768   0x00000038   Dbug   RW  2743     .debug_pubnames     ap_state_config.o
    0x000217a0   0x00000038   Dbug   RW  2746     .debug_pubnames     ap_state_config.o
    0x000217d8   0x00000034   Dbug   RW  2749     .debug_pubnames     ap_state_config.o
    0x0002180c   0x00000034   Dbug   RW  2752     .debug_pubnames     ap_state_config.o
    0x00021840   0x00000034   Dbug   RW  2755     .debug_pubnames     ap_state_config.o
    0x00021874   0x00000034   Dbug   RW  2758     .debug_pubnames     ap_state_config.o
    0x000218a8   0x0000003c   Dbug   RW  2761     .debug_pubnames     ap_state_config.o
    0x000218e4   0x0000003c   Dbug   RW  2764     .debug_pubnames     ap_state_config.o
    0x00021920   0x00000034   Dbug   RW  2767     .debug_pubnames     ap_state_config.o
    0x00021954   0x00000034   Dbug   RW  2770     .debug_pubnames     ap_state_config.o
    0x00021988   0x0000003c   Dbug   RW  2773     .debug_pubnames     ap_state_config.o
    0x000219c4   0x0000003c   Dbug   RW  2776     .debug_pubnames     ap_state_config.o
    0x00021a00   0x0000003c   Dbug   RW  2779     .debug_pubnames     ap_state_config.o
    0x00021a3c   0x0000003c   Dbug   RW  2782     .debug_pubnames     ap_state_config.o
    0x00021a78   0x00000034   Dbug   RW  2785     .debug_pubnames     ap_state_config.o
    0x00021aac   0x00000034   Dbug   RW  2788     .debug_pubnames     ap_state_config.o
    0x00021ae0   0x00000038   Dbug   RW  2791     .debug_pubnames     ap_state_config.o
    0x00021b18   0x00000038   Dbug   RW  2794     .debug_pubnames     ap_state_config.o
    0x00021b50   0x00000034   Dbug   RW  2797     .debug_pubnames     ap_state_config.o
    0x00021b84   0x00000034   Dbug   RW  2800     .debug_pubnames     ap_state_config.o
    0x00021bb8   0x00000034   Dbug   RW  2803     .debug_pubnames     ap_state_config.o
    0x00021bec   0x00000034   Dbug   RW  2806     .debug_pubnames     ap_state_config.o
    0x00021c20   0x00000034   Dbug   RW  2809     .debug_pubnames     ap_state_config.o
    0x00021c54   0x00000034   Dbug   RW  2812     .debug_pubnames     ap_state_config.o
    0x00021c88   0x00000034   Dbug   RW  2815     .debug_pubnames     ap_state_config.o
    0x00021cbc   0x00000034   Dbug   RW  2818     .debug_pubnames     ap_state_config.o
    0x00021cf0   0x00000038   Dbug   RW  2821     .debug_pubnames     ap_state_config.o
    0x00021d28   0x00000038   Dbug   RW  2824     .debug_pubnames     ap_state_config.o
    0x00021d60   0x00000034   Dbug   RW  2827     .debug_pubnames     ap_state_config.o
    0x00021d94   0x00000038   Dbug   RW  2830     .debug_pubnames     ap_state_config.o
    0x00021dcc   0x0000002c   Dbug   RW  2833     .debug_pubnames     ap_state_config.o
    0x00021df8   0x0000002c   Dbug   RW  2836     .debug_pubnames     ap_state_config.o
    0x00021e24   0x00000034   Dbug   RW  2839     .debug_pubnames     ap_state_config.o
    0x00021e58   0x00000034   Dbug   RW  2842     .debug_pubnames     ap_state_config.o
    0x00021e8c   0x00000038   Dbug   RW  2845     .debug_pubnames     ap_state_config.o
    0x00021ec4   0x00000038   Dbug   RW  2848     .debug_pubnames     ap_state_config.o
    0x00021efc   0x00000034   Dbug   RW  2851     .debug_pubnames     ap_state_config.o
    0x00021f30   0x00000034   Dbug   RW  2854     .debug_pubnames     ap_state_config.o
    0x00021f64   0x00000024   Dbug   RW  2857     .debug_pubnames     ap_state_config.o
    0x00021f88   0x00000054   Dbug   RW  2860     .debug_pubnames     ap_state_config.o
    0x00021fdc   0x00000b80   Dbug   RW  2864     .debug_pubnames     ap_state_config.o
    0x00022b5c   0x00000044   Dbug   RW  2885     .debug_pubnames     ap_state_resource.o
    0x00022ba0   0x00000044   Dbug   RW  2888     .debug_pubnames     ap_state_resource.o
    0x00022be4   0x00000024   Dbug   RW  2891     .debug_pubnames     ap_state_resource.o
    0x00022c08   0x00000044   Dbug   RW  2894     .debug_pubnames     ap_state_resource.o
    0x00022c4c   0x00000044   Dbug   RW  2897     .debug_pubnames     ap_state_resource.o
    0x00022c90   0x00000040   Dbug   RW  2900     .debug_pubnames     ap_state_resource.o
    0x00022cd0   0x00000034   Dbug   RW  2903     .debug_pubnames     ap_state_resource.o
    0x00022d04   0x0000003c   Dbug   RW  2906     .debug_pubnames     ap_state_resource.o
    0x00022d40   0x0000003c   Dbug   RW  2909     .debug_pubnames     ap_state_resource.o
    0x00022d7c   0x0000003c   Dbug   RW  2912     .debug_pubnames     ap_state_resource.o
    0x00022db8   0x00000228   Dbug   RW  2915     .debug_pubnames     ap_state_resource.o
    0x00022fe0   0x00000278   Dbug   RW  2919     .debug_pubnames     ap_state_resource.o
    0x00023258   0x00000f1c   Dbug   RW  2935     .debug_pubnames     video_decoder_app.o
    0x00024174   0x00000020   Dbug   RW  2998     .debug_pubnames     drv_l1_dac.o
    0x00024194   0x00000020   Dbug   RW  3004     .debug_pubnames     drv_l1_dac.o
    0x000241b4   0x00000024   Dbug   RW  3021     .debug_pubnames     ap_state_firmware_upgrade.o
    0x000241d8   0x00000024   Dbug   RW  3024     .debug_pubnames     ap_state_firmware_upgrade.o
    0x000241fc   0x00000020   Dbug   RW  3027     .debug_pubnames     ap_state_firmware_upgrade.o
    0x0002421c   0x00000024   Dbug   RW  3030     .debug_pubnames     ap_state_firmware_upgrade.o
    0x00024240   0x00000028   Dbug   RW  3033     .debug_pubnames     ap_state_firmware_upgrade.o
    0x00024268   0x00000024   Dbug   RW  3036     .debug_pubnames     ap_state_firmware_upgrade.o
    0x0002428c   0x0000002c   Dbug   RW  3039     .debug_pubnames     ap_state_firmware_upgrade.o
    0x000242b8   0x00000028   Dbug   RW  3042     .debug_pubnames     ap_state_firmware_upgrade.o
    0x000242e0   0x0000008c   Dbug   RW  3046     .debug_pubnames     ap_state_firmware_upgrade.o
    0x0002436c   0x00000090   Dbug   RW  3051     .debug_pubnames     ap_state_firmware_upgrade.o
    0x000243fc   0x00000368   Dbug   RW  3053     .debug_pubnames     ap_state_firmware_upgrade.o
    0x00024764   0x000000f8   Dbug   RW  3057     .debug_pubnames     ap_state_firmware_upgrade.o
    0x0002485c   0x0000007c   Dbug   RW  3061     .debug_pubnames     ap_state_firmware_upgrade.o
    0x000248d8   0x00001304   Dbug   RW  3073     .debug_pubnames     ap_state_firmware_upgrade.o
    0x00025bdc   0x00000344   Dbug   RW  3079     .debug_pubnames     ap_state_firmware_upgrade.o
    0x00025f20   0x000014d4   Dbug   RW  3081     .debug_pubnames     ap_state_firmware_upgrade.o
    0x000273f4   0x00000218   Dbug   RW  3083     .debug_pubnames     ap_state_firmware_upgrade.o
    0x0002760c   0x0000006c   Dbug   RW  3088     .debug_pubnames     ap_state_firmware_upgrade.o
    0x00027678   0x000000dc   Dbug   RW  3092     .debug_pubnames     ap_state_firmware_upgrade.o
    0x00027754   0x00000118   Dbug   RW  3111     .debug_pubnames     drv_l2_usbd_descriptor_tbl.o
    0x0002786c   0x00000114   Dbug   RW  3126     .debug_pubnames     drv_l2_usbd_uvc_descriptor_tbl.o
    0x00027980   0x00000024   Dbug   RW  3138     .debug_pubnames     ap_usb.o
    0x000279a4   0x00000030   Dbug   RW  3141     .debug_pubnames     ap_usb.o
    0x000279d4   0x00000030   Dbug   RW  3144     .debug_pubnames     ap_usb.o
    0x00027a04   0x00000030   Dbug   RW  3147     .debug_pubnames     ap_usb.o
    0x00027a34   0x0000002c   Dbug   RW  3150     .debug_pubnames     ap_usb.o
    0x00027a60   0x0000002c   Dbug   RW  3153     .debug_pubnames     ap_usb.o
    0x00027a8c   0x0000002c   Dbug   RW  3156     .debug_pubnames     ap_usb.o
    0x00027ab8   0x00000030   Dbug   RW  3159     .debug_pubnames     ap_usb.o
    0x00027ae8   0x0000002c   Dbug   RW  3162     .debug_pubnames     ap_usb.o
    0x00027b14   0x00000030   Dbug   RW  3165     .debug_pubnames     ap_usb.o
    0x00027b44   0x00000030   Dbug   RW  3168     .debug_pubnames     ap_usb.o
    0x00027b74   0x00000028   Dbug   RW  3171     .debug_pubnames     ap_usb.o
    0x00027b9c   0x00000028   Dbug   RW  3174     .debug_pubnames     ap_usb.o
    0x00027bc4   0x00000024   Dbug   RW  3177     .debug_pubnames     ap_usb.o
    0x00027be8   0x00000020   Dbug   RW  3180     .debug_pubnames     ap_usb.o
    0x00027c08   0x00000024   Dbug   RW  3183     .debug_pubnames     ap_usb.o
    0x00027c2c   0x00000024   Dbug   RW  3186     .debug_pubnames     ap_usb.o
    0x00027c50   0x00000020   Dbug   RW  3189     .debug_pubnames     ap_usb.o
    0x00027c70   0x00000028   Dbug   RW  3192     .debug_pubnames     ap_usb.o
    0x00027c98   0x00000030   Dbug   RW  3195     .debug_pubnames     ap_usb.o
    0x00027cc8   0x00000030   Dbug   RW  3198     .debug_pubnames     ap_usb.o
    0x00027cf8   0x00000028   Dbug   RW  3201     .debug_pubnames     ap_usb.o
    0x00027d20   0x0000034c   Dbug   RW  3204     .debug_pubnames     ap_usb.o
    0x0002806c   0x00000214   Dbug   RW  3208     .debug_pubnames     ap_usb.o
    0x00028280   0x00000084   Dbug   RW  3213     .debug_pubnames     ap_usb.o
    0x00028304   0x00000344   Dbug   RW  3216     .debug_pubnames     ap_usb.o
    0x00028648   0x000014d4   Dbug   RW  3218     .debug_pubnames     ap_usb.o
    0x00029b1c   0x00000218   Dbug   RW  3226     .debug_pubnames     ap_usb.o
    0x00029d34   0x000001fc   Dbug   RW  3228     .debug_pubnames     ap_usb.o
    0x00029f30   0x00000020   Dbug   RW  3346     .debug_pubnames     my_video_codec_callback.o
    0x00029f50   0x0000002c   Dbug   RW  3349     .debug_pubnames     my_video_codec_callback.o
    0x00029f7c   0x00000030   Dbug   RW  3352     .debug_pubnames     my_video_codec_callback.o
    0x00029fac   0x00000034   Dbug   RW  3355     .debug_pubnames     my_video_codec_callback.o
    0x00029fe0   0x00000034   Dbug   RW  3358     .debug_pubnames     my_video_codec_callback.o
    0x0002a014   0x00000030   Dbug   RW  3361     .debug_pubnames     my_video_codec_callback.o
    0x0002a044   0x0000002c   Dbug   RW  3364     .debug_pubnames     my_video_codec_callback.o
    0x0002a070   0x00000030   Dbug   RW  3367     .debug_pubnames     my_video_codec_callback.o
    0x0002a0a0   0x0000002c   Dbug   RW  3370     .debug_pubnames     my_video_codec_callback.o
    0x0002a0cc   0x00000030   Dbug   RW  3373     .debug_pubnames     my_video_codec_callback.o
    0x0002a0fc   0x00000028   Dbug   RW  3376     .debug_pubnames     my_video_codec_callback.o
    0x0002a124   0x00000030   Dbug   RW  3379     .debug_pubnames     my_video_codec_callback.o
    0x0002a154   0x00000034   Dbug   RW  3382     .debug_pubnames     my_video_codec_callback.o
    0x0002a188   0x00000034   Dbug   RW  3385     .debug_pubnames     my_video_codec_callback.o
    0x0002a1bc   0x0000002c   Dbug   RW  3388     .debug_pubnames     my_video_codec_callback.o
    0x0002a1e8   0x000003dc   Dbug   RW  3391     .debug_pubnames     my_video_codec_callback.o
    0x0002a5c4   0x000002d0   Dbug   RW  3395     .debug_pubnames     my_video_codec_callback.o
    0x0002a894   0x000014d4   Dbug   RW  3399     .debug_pubnames     my_video_codec_callback.o
    0x0002bd68   0x00000024   Dbug   RW  3414     .debug_pubnames     drv_l2_spifc.o
    0x0002bd8c   0x0000002c   Dbug   RW  3417     .debug_pubnames     drv_l2_spifc.o
    0x0002bdb8   0x0000002c   Dbug   RW  3420     .debug_pubnames     drv_l2_spifc.o
    0x0002bde4   0x0000002c   Dbug   RW  3423     .debug_pubnames     drv_l2_spifc.o
    0x0002be10   0x00000028   Dbug   RW  3426     .debug_pubnames     drv_l2_spifc.o
    0x0002be38   0x00000024   Dbug   RW  3429     .debug_pubnames     drv_l2_spifc.o
    0x0002be5c   0x00000024   Dbug   RW  3432     .debug_pubnames     drv_l2_spifc.o
    0x0002be80   0x00000024   Dbug   RW  3435     .debug_pubnames     drv_l2_spifc.o
    0x0002bea4   0x00000024   Dbug   RW  3438     .debug_pubnames     drv_l2_spifc.o
    0x0002bec8   0x0000002c   Dbug   RW  3441     .debug_pubnames     drv_l2_spifc.o
    0x0002bef4   0x00000024   Dbug   RW  3444     .debug_pubnames     drv_l2_spifc.o
    0x0002bf18   0x00000028   Dbug   RW  3447     .debug_pubnames     drv_l2_spifc.o
    0x0002bf40   0x00000100   Dbug   RW  3451     .debug_pubnames     drv_l2_spifc.o
    0x0002c040   0x00000024   Dbug   RW  3461     .debug_pubnames     drv_l1_spifc.o
    0x0002c064   0x00000028   Dbug   RW  3464     .debug_pubnames     drv_l1_spifc.o
    0x0002c08c   0x00000030   Dbug   RW  3467     .debug_pubnames     drv_l1_spifc.o
    0x0002c0bc   0x00000030   Dbug   RW  3470     .debug_pubnames     drv_l1_spifc.o
    0x0002c0ec   0x00000030   Dbug   RW  3473     .debug_pubnames     drv_l1_spifc.o
    0x0002c11c   0x0000002c   Dbug   RW  3476     .debug_pubnames     drv_l1_spifc.o
    0x0002c148   0x00000030   Dbug   RW  3479     .debug_pubnames     drv_l1_spifc.o
    0x0002c178   0x0000002c   Dbug   RW  3482     .debug_pubnames     drv_l1_spifc.o
    0x0002c1a4   0x00000024   Dbug   RW  3485     .debug_pubnames     drv_l1_spifc.o
    0x0002c1c8   0x00000028   Dbug   RW  3488     .debug_pubnames     drv_l1_spifc.o
    0x0002c1f0   0x00000020   Dbug   RW  3491     .debug_pubnames     drv_l1_spifc.o
    0x0002c210   0x000000fc   Dbug   RW  3495     .debug_pubnames     drv_l1_spifc.o
    0x0002c30c   0x00000024   Dbug   RW  3501     .debug_pubnames     spi_flash_mxic.o
    0x0002c330   0x00000020   Dbug   RW  3504     .debug_pubnames     spi_flash_mxic.o
    0x0002c350   0x00000028   Dbug   RW  3507     .debug_pubnames     spi_flash_mxic.o
    0x0002c378   0x00000028   Dbug   RW  3510     .debug_pubnames     spi_flash_mxic.o
    0x0002c3a0   0x0000002c   Dbug   RW  3513     .debug_pubnames     spi_flash_mxic.o
    0x0002c3cc   0x00000024   Dbug   RW  3516     .debug_pubnames     spi_flash_mxic.o
    0x0002c3f0   0x00000024   Dbug   RW  3519     .debug_pubnames     spi_flash_mxic.o
    0x0002c414   0x0000002c   Dbug   RW  3522     .debug_pubnames     spi_flash_mxic.o
    0x0002c440   0x00000098   Dbug   RW  3528     .debug_pubnames     spi_flash_mxic.o
    0x0002c4d8   0x00000024   Dbug   RW  3541     .debug_pubnames     drv_l2_sensor.o
    0x0002c4fc   0x00000030   Dbug   RW  3544     .debug_pubnames     drv_l2_sensor.o
    0x0002c52c   0x00000028   Dbug   RW  3547     .debug_pubnames     drv_l2_sensor.o
    0x0002c554   0x00000028   Dbug   RW  3550     .debug_pubnames     drv_l2_sensor.o
    0x0002c57c   0x00000024   Dbug   RW  3553     .debug_pubnames     drv_l2_sensor.o
    0x0002c5a0   0x00000094   Dbug   RW  3556     .debug_pubnames     drv_l2_sensor.o
    0x0002c634   0x000000b4   Dbug   RW  3560     .debug_pubnames     drv_l2_sensor.o
    0x0002c6e8   0x00000030   Dbug   RW  3567     .debug_pubnames     drv_l1_cdsp.o
    0x0002c718   0x0000002c   Dbug   RW  3570     .debug_pubnames     drv_l1_cdsp.o
    0x0002c744   0x00000028   Dbug   RW  3573     .debug_pubnames     drv_l1_cdsp.o
    0x0002c76c   0x00000028   Dbug   RW  3576     .debug_pubnames     drv_l1_cdsp.o
    0x0002c794   0x00000028   Dbug   RW  3579     .debug_pubnames     drv_l1_cdsp.o
    0x0002c7bc   0x00000034   Dbug   RW  3582     .debug_pubnames     drv_l1_cdsp.o
    0x0002c7f0   0x00000034   Dbug   RW  3585     .debug_pubnames     drv_l1_cdsp.o
    0x0002c824   0x0000002c   Dbug   RW  3588     .debug_pubnames     drv_l1_cdsp.o
    0x0002c850   0x0000002c   Dbug   RW  3591     .debug_pubnames     drv_l1_cdsp.o
    0x0002c87c   0x0000002c   Dbug   RW  3594     .debug_pubnames     drv_l1_cdsp.o
    0x0002c8a8   0x00000034   Dbug   RW  3597     .debug_pubnames     drv_l1_cdsp.o
    0x0002c8dc   0x00000024   Dbug   RW  3600     .debug_pubnames     drv_l1_cdsp.o
    0x0002c900   0x00000030   Dbug   RW  3603     .debug_pubnames     drv_l1_cdsp.o
    0x0002c930   0x0000002c   Dbug   RW  3606     .debug_pubnames     drv_l1_cdsp.o
    0x0002c95c   0x00000028   Dbug   RW  3609     .debug_pubnames     drv_l1_cdsp.o
    0x0002c984   0x0000002c   Dbug   RW  3612     .debug_pubnames     drv_l1_cdsp.o
    0x0002c9b0   0x00000028   Dbug   RW  3615     .debug_pubnames     drv_l1_cdsp.o
    0x0002c9d8   0x0000002c   Dbug   RW  3618     .debug_pubnames     drv_l1_cdsp.o
    0x0002ca04   0x00000030   Dbug   RW  3621     .debug_pubnames     drv_l1_cdsp.o
    0x0002ca34   0x0000002c   Dbug   RW  3624     .debug_pubnames     drv_l1_cdsp.o
    0x0002ca60   0x00000028   Dbug   RW  3627     .debug_pubnames     drv_l1_cdsp.o
    0x0002ca88   0x00000030   Dbug   RW  3630     .debug_pubnames     drv_l1_cdsp.o
    0x0002cab8   0x00000028   Dbug   RW  3633     .debug_pubnames     drv_l1_cdsp.o
    0x0002cae0   0x00000028   Dbug   RW  3636     .debug_pubnames     drv_l1_cdsp.o
    0x0002cb08   0x0000002c   Dbug   RW  3639     .debug_pubnames     drv_l1_cdsp.o
    0x0002cb34   0x0000002c   Dbug   RW  3642     .debug_pubnames     drv_l1_cdsp.o
    0x0002cb60   0x0000002c   Dbug   RW  3645     .debug_pubnames     drv_l1_cdsp.o
    0x0002cb8c   0x0000002c   Dbug   RW  3648     .debug_pubnames     drv_l1_cdsp.o
    0x0002cbb8   0x0000002c   Dbug   RW  3651     .debug_pubnames     drv_l1_cdsp.o
    0x0002cbe4   0x0000002c   Dbug   RW  3654     .debug_pubnames     drv_l1_cdsp.o
    0x0002cc10   0x00000028   Dbug   RW  3657     .debug_pubnames     drv_l1_cdsp.o
    0x0002cc38   0x0000002c   Dbug   RW  3660     .debug_pubnames     drv_l1_cdsp.o
    0x0002cc64   0x00000028   Dbug   RW  3663     .debug_pubnames     drv_l1_cdsp.o
    0x0002cc8c   0x00000028   Dbug   RW  3666     .debug_pubnames     drv_l1_cdsp.o
    0x0002ccb4   0x0000002c   Dbug   RW  3669     .debug_pubnames     drv_l1_cdsp.o
    0x0002cce0   0x00000030   Dbug   RW  3672     .debug_pubnames     drv_l1_cdsp.o
    0x0002cd10   0x00000030   Dbug   RW  3675     .debug_pubnames     drv_l1_cdsp.o
    0x0002cd40   0x00000028   Dbug   RW  3678     .debug_pubnames     drv_l1_cdsp.o
    0x0002cd68   0x0000002c   Dbug   RW  3681     .debug_pubnames     drv_l1_cdsp.o
    0x0002cd94   0x00000028   Dbug   RW  3684     .debug_pubnames     drv_l1_cdsp.o
    0x0002cdbc   0x00000028   Dbug   RW  3687     .debug_pubnames     drv_l1_cdsp.o
    0x0002cde4   0x0000002c   Dbug   RW  3690     .debug_pubnames     drv_l1_cdsp.o
    0x0002ce10   0x0000002c   Dbug   RW  3693     .debug_pubnames     drv_l1_cdsp.o
    0x0002ce3c   0x00000028   Dbug   RW  3696     .debug_pubnames     drv_l1_cdsp.o
    0x0002ce64   0x00000028   Dbug   RW  3699     .debug_pubnames     drv_l1_cdsp.o
    0x0002ce8c   0x0000002c   Dbug   RW  3702     .debug_pubnames     drv_l1_cdsp.o
    0x0002ceb8   0x0000002c   Dbug   RW  3705     .debug_pubnames     drv_l1_cdsp.o
    0x0002cee4   0x00000024   Dbug   RW  3708     .debug_pubnames     drv_l1_cdsp.o
    0x0002cf08   0x0000002c   Dbug   RW  3711     .debug_pubnames     drv_l1_cdsp.o
    0x0002cf34   0x0000002c   Dbug   RW  3714     .debug_pubnames     drv_l1_cdsp.o
    0x0002cf60   0x00000028   Dbug   RW  3717     .debug_pubnames     drv_l1_cdsp.o
    0x0002cf88   0x00000028   Dbug   RW  3720     .debug_pubnames     drv_l1_cdsp.o
    0x0002cfb0   0x00000020   Dbug   RW  3723     .debug_pubnames     drv_l1_cdsp.o
    0x0002cfd0   0x00000020   Dbug   RW  3726     .debug_pubnames     drv_l1_cdsp.o
    0x0002cff0   0x00000020   Dbug   RW  3729     .debug_pubnames     drv_l1_cdsp.o
    0x0002d010   0x00000020   Dbug   RW  3732     .debug_pubnames     drv_l1_cdsp.o
    0x0002d030   0x00000034   Dbug   RW  3735     .debug_pubnames     drv_l1_cdsp.o
    0x0002d064   0x00000024   Dbug   RW  3738     .debug_pubnames     drv_l1_cdsp.o
    0x0002d088   0x00000024   Dbug   RW  3741     .debug_pubnames     drv_l1_cdsp.o
    0x0002d0ac   0x00000024   Dbug   RW  3744     .debug_pubnames     drv_l1_cdsp.o
    0x0002d0d0   0x00000030   Dbug   RW  3747     .debug_pubnames     drv_l1_cdsp.o
    0x0002d100   0x0000002c   Dbug   RW  3750     .debug_pubnames     drv_l1_cdsp.o
    0x0002d12c   0x0000002c   Dbug   RW  3753     .debug_pubnames     drv_l1_cdsp.o
    0x0002d158   0x0000002c   Dbug   RW  3756     .debug_pubnames     drv_l1_cdsp.o
    0x0002d184   0x0000002c   Dbug   RW  3759     .debug_pubnames     drv_l1_cdsp.o
    0x0002d1b0   0x00000028   Dbug   RW  3762     .debug_pubnames     drv_l1_cdsp.o
    0x0002d1d8   0x00000028   Dbug   RW  3765     .debug_pubnames     drv_l1_cdsp.o
    0x0002d200   0x0000002c   Dbug   RW  3768     .debug_pubnames     drv_l1_cdsp.o
    0x0002d22c   0x0000002c   Dbug   RW  3771     .debug_pubnames     drv_l1_cdsp.o
    0x0002d258   0x0000002c   Dbug   RW  3774     .debug_pubnames     drv_l1_cdsp.o
    0x0002d284   0x0000002c   Dbug   RW  3777     .debug_pubnames     drv_l1_cdsp.o
    0x0002d2b0   0x0000002c   Dbug   RW  3780     .debug_pubnames     drv_l1_cdsp.o
    0x0002d2dc   0x00000028   Dbug   RW  3783     .debug_pubnames     drv_l1_cdsp.o
    0x0002d304   0x0000002c   Dbug   RW  3786     .debug_pubnames     drv_l1_cdsp.o
    0x0002d330   0x00000030   Dbug   RW  3789     .debug_pubnames     drv_l1_cdsp.o
    0x0002d360   0x00000028   Dbug   RW  3792     .debug_pubnames     drv_l1_cdsp.o
    0x0002d388   0x0000002c   Dbug   RW  3795     .debug_pubnames     drv_l1_cdsp.o
    0x0002d3b4   0x0000002c   Dbug   RW  3798     .debug_pubnames     drv_l1_cdsp.o
    0x0002d3e0   0x0000002c   Dbug   RW  3801     .debug_pubnames     drv_l1_cdsp.o
    0x0002d40c   0x0000002c   Dbug   RW  3804     .debug_pubnames     drv_l1_cdsp.o
    0x0002d438   0x00000028   Dbug   RW  3807     .debug_pubnames     drv_l1_cdsp.o
    0x0002d460   0x0000002c   Dbug   RW  3810     .debug_pubnames     drv_l1_cdsp.o
    0x0002d48c   0x0000002c   Dbug   RW  3813     .debug_pubnames     drv_l1_cdsp.o
    0x0002d4b8   0x00000030   Dbug   RW  3816     .debug_pubnames     drv_l1_cdsp.o
    0x0002d4e8   0x00000030   Dbug   RW  3819     .debug_pubnames     drv_l1_cdsp.o
    0x0002d518   0x0000002c   Dbug   RW  3822     .debug_pubnames     drv_l1_cdsp.o
    0x0002d544   0x00000030   Dbug   RW  3825     .debug_pubnames     drv_l1_cdsp.o
    0x0002d574   0x0000002c   Dbug   RW  3828     .debug_pubnames     drv_l1_cdsp.o
    0x0002d5a0   0x0000002c   Dbug   RW  3831     .debug_pubnames     drv_l1_cdsp.o
    0x0002d5cc   0x00000030   Dbug   RW  3834     .debug_pubnames     drv_l1_cdsp.o
    0x0002d5fc   0x0000002c   Dbug   RW  3837     .debug_pubnames     drv_l1_cdsp.o
    0x0002d628   0x0000002c   Dbug   RW  3840     .debug_pubnames     drv_l1_cdsp.o
    0x0002d654   0x0000002c   Dbug   RW  3843     .debug_pubnames     drv_l1_cdsp.o
    0x0002d680   0x00000030   Dbug   RW  3846     .debug_pubnames     drv_l1_cdsp.o
    0x0002d6b0   0x00000034   Dbug   RW  3849     .debug_pubnames     drv_l1_cdsp.o
    0x0002d6e4   0x00000030   Dbug   RW  3852     .debug_pubnames     drv_l1_cdsp.o
    0x0002d714   0x0000002c   Dbug   RW  3855     .debug_pubnames     drv_l1_cdsp.o
    0x0002d740   0x00000030   Dbug   RW  3858     .debug_pubnames     drv_l1_cdsp.o
    0x0002d770   0x0000002c   Dbug   RW  3861     .debug_pubnames     drv_l1_cdsp.o
    0x0002d79c   0x0000002c   Dbug   RW  3864     .debug_pubnames     drv_l1_cdsp.o
    0x0002d7c8   0x0000002c   Dbug   RW  3867     .debug_pubnames     drv_l1_cdsp.o
    0x0002d7f4   0x00000030   Dbug   RW  3870     .debug_pubnames     drv_l1_cdsp.o
    0x0002d824   0x0000002c   Dbug   RW  3873     .debug_pubnames     drv_l1_cdsp.o
    0x0002d850   0x00000028   Dbug   RW  3876     .debug_pubnames     drv_l1_cdsp.o
    0x0002d878   0x00000028   Dbug   RW  3879     .debug_pubnames     drv_l1_cdsp.o
    0x0002d8a0   0x00000028   Dbug   RW  3882     .debug_pubnames     drv_l1_cdsp.o
    0x0002d8c8   0x00000028   Dbug   RW  3885     .debug_pubnames     drv_l1_cdsp.o
    0x0002d8f0   0x0000002c   Dbug   RW  3888     .debug_pubnames     drv_l1_cdsp.o
    0x0002d91c   0x00000034   Dbug   RW  3891     .debug_pubnames     drv_l1_cdsp.o
    0x0002d950   0x00000028   Dbug   RW  3894     .debug_pubnames     drv_l1_cdsp.o
    0x0002d978   0x0000002c   Dbug   RW  3897     .debug_pubnames     drv_l1_cdsp.o
    0x0002d9a4   0x0000002c   Dbug   RW  3900     .debug_pubnames     drv_l1_cdsp.o
    0x0002d9d0   0x00000030   Dbug   RW  3903     .debug_pubnames     drv_l1_cdsp.o
    0x0002da00   0x00000034   Dbug   RW  3906     .debug_pubnames     drv_l1_cdsp.o
    0x0002da34   0x00000030   Dbug   RW  3909     .debug_pubnames     drv_l1_cdsp.o
    0x0002da64   0x00000030   Dbug   RW  3912     .debug_pubnames     drv_l1_cdsp.o
    0x0002da94   0x00000028   Dbug   RW  3915     .debug_pubnames     drv_l1_cdsp.o
    0x0002dabc   0x0000002c   Dbug   RW  3918     .debug_pubnames     drv_l1_cdsp.o
    0x0002dae8   0x0000002c   Dbug   RW  3921     .debug_pubnames     drv_l1_cdsp.o
    0x0002db14   0x00000030   Dbug   RW  3924     .debug_pubnames     drv_l1_cdsp.o
    0x0002db44   0x00000030   Dbug   RW  3927     .debug_pubnames     drv_l1_cdsp.o
    0x0002db74   0x0000002c   Dbug   RW  3930     .debug_pubnames     drv_l1_cdsp.o
    0x0002dba0   0x0000002c   Dbug   RW  3933     .debug_pubnames     drv_l1_cdsp.o
    0x0002dbcc   0x0000002c   Dbug   RW  3936     .debug_pubnames     drv_l1_cdsp.o
    0x0002dbf8   0x00000028   Dbug   RW  3939     .debug_pubnames     drv_l1_cdsp.o
    0x0002dc20   0x00000030   Dbug   RW  3942     .debug_pubnames     drv_l1_cdsp.o
    0x0002dc50   0x0000002c   Dbug   RW  3945     .debug_pubnames     drv_l1_cdsp.o
    0x0002dc7c   0x0000002c   Dbug   RW  3948     .debug_pubnames     drv_l1_cdsp.o
    0x0002dca8   0x0000002c   Dbug   RW  3951     .debug_pubnames     drv_l1_cdsp.o
    0x0002dcd4   0x00000028   Dbug   RW  3954     .debug_pubnames     drv_l1_cdsp.o
    0x0002dcfc   0x00000028   Dbug   RW  3957     .debug_pubnames     drv_l1_cdsp.o
    0x0002dd24   0x00000028   Dbug   RW  3960     .debug_pubnames     drv_l1_cdsp.o
    0x0002dd4c   0x00000028   Dbug   RW  3963     .debug_pubnames     drv_l1_cdsp.o
    0x0002dd74   0x00000028   Dbug   RW  3966     .debug_pubnames     drv_l1_cdsp.o
    0x0002dd9c   0x00000028   Dbug   RW  3969     .debug_pubnames     drv_l1_cdsp.o
    0x0002ddc4   0x00000024   Dbug   RW  3972     .debug_pubnames     drv_l1_cdsp.o
    0x0002dde8   0x00000028   Dbug   RW  3975     .debug_pubnames     drv_l1_cdsp.o
    0x0002de10   0x00000028   Dbug   RW  3978     .debug_pubnames     drv_l1_cdsp.o
    0x0002de38   0x0000002c   Dbug   RW  3981     .debug_pubnames     drv_l1_cdsp.o
    0x0002de64   0x0000002c   Dbug   RW  3984     .debug_pubnames     drv_l1_cdsp.o
    0x0002de90   0x0000002c   Dbug   RW  3987     .debug_pubnames     drv_l1_cdsp.o
    0x0002debc   0x00000028   Dbug   RW  3990     .debug_pubnames     drv_l1_cdsp.o
    0x0002dee4   0x00000028   Dbug   RW  3993     .debug_pubnames     drv_l1_cdsp.o
    0x0002df0c   0x00000028   Dbug   RW  3996     .debug_pubnames     drv_l1_cdsp.o
    0x0002df34   0x00000030   Dbug   RW  3999     .debug_pubnames     drv_l1_cdsp.o
    0x0002df64   0x0000002c   Dbug   RW  4002     .debug_pubnames     drv_l1_cdsp.o
    0x0002df90   0x0000002c   Dbug   RW  4005     .debug_pubnames     drv_l1_cdsp.o
    0x0002dfbc   0x00000028   Dbug   RW  4008     .debug_pubnames     drv_l1_cdsp.o
    0x0002dfe4   0x0000002c   Dbug   RW  4011     .debug_pubnames     drv_l1_cdsp.o
    0x0002e010   0x00000028   Dbug   RW  4014     .debug_pubnames     drv_l1_cdsp.o
    0x0002e038   0x00000028   Dbug   RW  4017     .debug_pubnames     drv_l1_cdsp.o
    0x0002e060   0x00000030   Dbug   RW  4020     .debug_pubnames     drv_l1_cdsp.o
    0x0002e090   0x0000002c   Dbug   RW  4023     .debug_pubnames     drv_l1_cdsp.o
    0x0002e0bc   0x00000028   Dbug   RW  4026     .debug_pubnames     drv_l1_cdsp.o
    0x0002e0e4   0x00000028   Dbug   RW  4029     .debug_pubnames     drv_l1_cdsp.o
    0x0002e10c   0x0000002c   Dbug   RW  4032     .debug_pubnames     drv_l1_cdsp.o
    0x0002e138   0x0000002c   Dbug   RW  4035     .debug_pubnames     drv_l1_cdsp.o
    0x0002e164   0x0000002c   Dbug   RW  4038     .debug_pubnames     drv_l1_cdsp.o
    0x0002e190   0x0000002c   Dbug   RW  4041     .debug_pubnames     drv_l1_cdsp.o
    0x0002e1bc   0x00000028   Dbug   RW  4044     .debug_pubnames     drv_l1_cdsp.o
    0x0002e1e4   0x0000002c   Dbug   RW  4047     .debug_pubnames     drv_l1_cdsp.o
    0x0002e210   0x0000002c   Dbug   RW  4050     .debug_pubnames     drv_l1_cdsp.o
    0x0002e23c   0x00000030   Dbug   RW  4053     .debug_pubnames     drv_l1_cdsp.o
    0x0002e26c   0x0000002c   Dbug   RW  4056     .debug_pubnames     drv_l1_cdsp.o
    0x0002e298   0x00000028   Dbug   RW  4059     .debug_pubnames     drv_l1_cdsp.o
    0x0002e2c0   0x00000024   Dbug   RW  4062     .debug_pubnames     drv_l1_cdsp.o
    0x0002e2e4   0x00000034   Dbug   RW  4065     .debug_pubnames     drv_l1_cdsp.o
    0x0002e318   0x0000002c   Dbug   RW  4068     .debug_pubnames     drv_l1_cdsp.o
    0x0002e344   0x00000030   Dbug   RW  4071     .debug_pubnames     drv_l1_cdsp.o
    0x0002e374   0x0000002c   Dbug   RW  4074     .debug_pubnames     drv_l1_cdsp.o
    0x0002e3a0   0x0000002c   Dbug   RW  4077     .debug_pubnames     drv_l1_cdsp.o
    0x0002e3cc   0x0000002c   Dbug   RW  4080     .debug_pubnames     drv_l1_cdsp.o
    0x0002e3f8   0x0000002c   Dbug   RW  4083     .debug_pubnames     drv_l1_cdsp.o
    0x0002e424   0x0000002c   Dbug   RW  4086     .debug_pubnames     drv_l1_cdsp.o
    0x0002e450   0x0000002c   Dbug   RW  4089     .debug_pubnames     drv_l1_cdsp.o
    0x0002e47c   0x0000002c   Dbug   RW  4092     .debug_pubnames     drv_l1_cdsp.o
    0x0002e4a8   0x0000002c   Dbug   RW  4095     .debug_pubnames     drv_l1_cdsp.o
    0x0002e4d4   0x00000030   Dbug   RW  4098     .debug_pubnames     drv_l1_cdsp.o
    0x0002e504   0x00000030   Dbug   RW  4101     .debug_pubnames     drv_l1_cdsp.o
    0x0002e534   0x00000038   Dbug   RW  4104     .debug_pubnames     drv_l1_cdsp.o
    0x0002e56c   0x00000030   Dbug   RW  4107     .debug_pubnames     drv_l1_cdsp.o
    0x0002e59c   0x0000002c   Dbug   RW  4110     .debug_pubnames     drv_l1_cdsp.o
    0x0002e5c8   0x0000002c   Dbug   RW  4113     .debug_pubnames     drv_l1_cdsp.o
    0x0002e5f4   0x00000030   Dbug   RW  4116     .debug_pubnames     drv_l1_cdsp.o
    0x0002e624   0x00000030   Dbug   RW  4119     .debug_pubnames     drv_l1_cdsp.o
    0x0002e654   0x00000030   Dbug   RW  4122     .debug_pubnames     drv_l1_cdsp.o
    0x0002e684   0x00000030   Dbug   RW  4125     .debug_pubnames     drv_l1_cdsp.o
    0x0002e6b4   0x0000002c   Dbug   RW  4128     .debug_pubnames     drv_l1_cdsp.o
    0x0002e6e0   0x00000030   Dbug   RW  4131     .debug_pubnames     drv_l1_cdsp.o
    0x0002e710   0x0000002c   Dbug   RW  4134     .debug_pubnames     drv_l1_cdsp.o
    0x0002e73c   0x00000020   Dbug   RW  4137     .debug_pubnames     drv_l1_cdsp.o
    0x0002e75c   0x00000028   Dbug   RW  4140     .debug_pubnames     drv_l1_cdsp.o
    0x0002e784   0x00000028   Dbug   RW  4143     .debug_pubnames     drv_l1_cdsp.o
    0x0002e7ac   0x0000015c   Dbug   RW  4146     .debug_pubnames     drv_l1_cdsp.o
    0x0002e908   0x000012fc   Dbug   RW  4150     .debug_pubnames     drv_l1_cdsp.o
    0x0002fc04   0x00000024   Dbug   RW  4156     .debug_pubnames     drv_l1_front.o
    0x0002fc28   0x0000002c   Dbug   RW  4159     .debug_pubnames     drv_l1_front.o
    0x0002fc54   0x0000002c   Dbug   RW  4162     .debug_pubnames     drv_l1_front.o
    0x0002fc80   0x0000002c   Dbug   RW  4165     .debug_pubnames     drv_l1_front.o
    0x0002fcac   0x00000030   Dbug   RW  4168     .debug_pubnames     drv_l1_front.o
    0x0002fcdc   0x00000030   Dbug   RW  4171     .debug_pubnames     drv_l1_front.o
    0x0002fd0c   0x00000030   Dbug   RW  4174     .debug_pubnames     drv_l1_front.o
    0x0002fd3c   0x00000028   Dbug   RW  4177     .debug_pubnames     drv_l1_front.o
    0x0002fd64   0x00000028   Dbug   RW  4180     .debug_pubnames     drv_l1_front.o
    0x0002fd8c   0x0000002c   Dbug   RW  4183     .debug_pubnames     drv_l1_front.o
    0x0002fdb8   0x00000028   Dbug   RW  4186     .debug_pubnames     drv_l1_front.o
    0x0002fde0   0x0000002c   Dbug   RW  4189     .debug_pubnames     drv_l1_front.o
    0x0002fe0c   0x00000028   Dbug   RW  4192     .debug_pubnames     drv_l1_front.o
    0x0002fe34   0x0000002c   Dbug   RW  4195     .debug_pubnames     drv_l1_front.o
    0x0002fe60   0x00000028   Dbug   RW  4198     .debug_pubnames     drv_l1_front.o
    0x0002fe88   0x00000028   Dbug   RW  4201     .debug_pubnames     drv_l1_front.o
    0x0002feb0   0x0000002c   Dbug   RW  4204     .debug_pubnames     drv_l1_front.o
    0x0002fedc   0x00000028   Dbug   RW  4207     .debug_pubnames     drv_l1_front.o
    0x0002ff04   0x0000002c   Dbug   RW  4210     .debug_pubnames     drv_l1_front.o
    0x0002ff30   0x0000002c   Dbug   RW  4213     .debug_pubnames     drv_l1_front.o
    0x0002ff5c   0x00000030   Dbug   RW  4216     .debug_pubnames     drv_l1_front.o
    0x0002ff8c   0x00000030   Dbug   RW  4219     .debug_pubnames     drv_l1_front.o
    0x0002ffbc   0x0000002c   Dbug   RW  4222     .debug_pubnames     drv_l1_front.o
    0x0002ffe8   0x00000030   Dbug   RW  4225     .debug_pubnames     drv_l1_front.o
    0x00030018   0x00000030   Dbug   RW  4228     .debug_pubnames     drv_l1_front.o
    0x00030048   0x00000294   Dbug   RW  4234     .debug_pubnames     drv_l1_front.o
    0x000302dc   0x000001ac   Dbug   RW  4239     .debug_pubnames     drv_l1_front.o
    0x00030488   0x00000028   Dbug   RW  4245     .debug_pubnames     drv_l2_cdsp.o
    0x000304b0   0x0000002c   Dbug   RW  4248     .debug_pubnames     drv_l2_cdsp.o
    0x000304dc   0x0000002c   Dbug   RW  4251     .debug_pubnames     drv_l2_cdsp.o
    0x00030508   0x00000028   Dbug   RW  4254     .debug_pubnames     drv_l2_cdsp.o
    0x00030530   0x00000028   Dbug   RW  4257     .debug_pubnames     drv_l2_cdsp.o
    0x00030558   0x00000028   Dbug   RW  4260     .debug_pubnames     drv_l2_cdsp.o
    0x00030580   0x0000002c   Dbug   RW  4263     .debug_pubnames     drv_l2_cdsp.o
    0x000305ac   0x0000002c   Dbug   RW  4266     .debug_pubnames     drv_l2_cdsp.o
    0x000305d8   0x0000002c   Dbug   RW  4269     .debug_pubnames     drv_l2_cdsp.o
    0x00030604   0x00000028   Dbug   RW  4272     .debug_pubnames     drv_l2_cdsp.o
    0x0003062c   0x0000002c   Dbug   RW  4275     .debug_pubnames     drv_l2_cdsp.o
    0x00030658   0x00000038   Dbug   RW  4278     .debug_pubnames     drv_l2_cdsp.o
    0x00030690   0x00000024   Dbug   RW  4281     .debug_pubnames     drv_l2_cdsp.o
    0x000306b4   0x0000002c   Dbug   RW  4284     .debug_pubnames     drv_l2_cdsp.o
    0x000306e0   0x0000002c   Dbug   RW  4287     .debug_pubnames     drv_l2_cdsp.o
    0x0003070c   0x0000002c   Dbug   RW  4290     .debug_pubnames     drv_l2_cdsp.o
    0x00030738   0x00000024   Dbug   RW  4293     .debug_pubnames     drv_l2_cdsp.o
    0x0003075c   0x00000028   Dbug   RW  4296     .debug_pubnames     drv_l2_cdsp.o
    0x00030784   0x0000002c   Dbug   RW  4299     .debug_pubnames     drv_l2_cdsp.o
    0x000307b0   0x00000028   Dbug   RW  4302     .debug_pubnames     drv_l2_cdsp.o
    0x000307d8   0x00000030   Dbug   RW  4305     .debug_pubnames     drv_l2_cdsp.o
    0x00030808   0x00000024   Dbug   RW  4308     .debug_pubnames     drv_l2_cdsp.o
    0x0003082c   0x00000030   Dbug   RW  4311     .debug_pubnames     drv_l2_cdsp.o
    0x0003085c   0x000001e4   Dbug   RW  4314     .debug_pubnames     drv_l2_cdsp.o
    0x00030a40   0x000004ac   Dbug   RW  4318     .debug_pubnames     drv_l2_cdsp.o
    0x00030eec   0x00000070   Dbug   RW  4340     .debug_pubnames     sensor_isp_table.o
    0x00030f5c   0x00000020   Dbug   RW  4353     .debug_pubnames     drv_l1_gsensor.o
    0x00030f7c   0x00000020   Dbug   RW  4356     .debug_pubnames     drv_l1_gsensor.o
    0x00030f9c   0x00000020   Dbug   RW  4359     .debug_pubnames     drv_l1_gsensor.o
    0x00030fbc   0x00000024   Dbug   RW  4362     .debug_pubnames     drv_l1_gsensor.o
    0x00030fe0   0x00000028   Dbug   RW  4365     .debug_pubnames     drv_l1_gsensor.o
    0x00031008   0x00000024   Dbug   RW  4368     .debug_pubnames     drv_l1_gsensor.o
    0x0003102c   0x00000028   Dbug   RW  4371     .debug_pubnames     drv_l1_gsensor.o
    0x00031054   0x00000024   Dbug   RW  4374     .debug_pubnames     drv_l1_gsensor.o
    0x00031078   0x00000024   Dbug   RW  4377     .debug_pubnames     drv_l1_gsensor.o
    0x0003109c   0x00000038   Dbug   RW  4380     .debug_pubnames     drv_l1_gsensor.o
    0x000310d4   0x00000038   Dbug   RW  4383     .debug_pubnames     drv_l1_gsensor.o
    0x0003110c   0x00000030   Dbug   RW  4386     .debug_pubnames     drv_l1_gsensor.o
    0x0003113c   0x00000030   Dbug   RW  4389     .debug_pubnames     drv_l1_gsensor.o
    0x0003116c   0x00000030   Dbug   RW  4392     .debug_pubnames     drv_l1_gsensor.o
    0x0003119c   0x0000003c   Dbug   RW  4395     .debug_pubnames     drv_l1_gsensor.o
    0x000311d8   0x00000024   Dbug   RW  4398     .debug_pubnames     drv_l1_gsensor.o
    0x000311fc   0x00000030   Dbug   RW  4401     .debug_pubnames     drv_l1_gsensor.o
    0x0003122c   0x0000002c   Dbug   RW  4404     .debug_pubnames     drv_l1_gsensor.o
    0x00031258   0x0000002c   Dbug   RW  4407     .debug_pubnames     drv_l1_gsensor.o
    0x00031284   0x00000038   Dbug   RW  4410     .debug_pubnames     drv_l1_gsensor.o
    0x000312bc   0x00000274   Dbug   RW  4414     .debug_pubnames     drv_l1_gsensor.o
    0x00031530   0x00000020   Dbug   RW  4431     .debug_pubnames     spi_flash_disk.o
    0x00031550   0x00000034   Dbug   RW  4434     .debug_pubnames     spi_flash_disk.o
    0x00031584   0x0000007c   Dbug   RW  4441     .debug_pubnames     spi_flash_disk.o
    0x00031600   0x0000001c   Dbug   RW  4445     .debug_pubnames     spi_flash_disk.o
    0x0003161c   0x0000001c   Dbug   RW  4449     .debug_pubnames     spi_flash_disk.o
    0x00031638   0x0000002c   Dbug   RW  4453     .debug_pubnames     spi_flash_disk.o
    0x00031664   0x00000068   Dbug   RW  4461     .debug_pubnames     spi_flash_disk.o
    0x000316cc   0x0000009c   Dbug   RW  4465     .debug_pubnames     spi_flash_disk.o
    0x00031768   0x00000020   Dbug   RW  4469     .debug_pubnames     spi_flash_disk.o
    0x00031788   0x00000030   Dbug   RW  4500     .debug_pubnames     drv_struct.o
    0x000317b8   0x00000030   Dbug   RW  4506     .debug_pubnames     fs_drv_manager.o
    0x000317e8   0x00000034   Dbug   RW  4509     .debug_pubnames     fs_drv_manager.o
    0x0003181c   0x00000034   Dbug   RW  4512     .debug_pubnames     fs_drv_manager.o
    0x00031850   0x00000030   Dbug   RW  4515     .debug_pubnames     fs_drv_manager.o
    0x00031880   0x00000030   Dbug   RW  4518     .debug_pubnames     fs_drv_manager.o
    0x000318b0   0x00000034   Dbug   RW  4521     .debug_pubnames     fs_drv_manager.o
    0x000318e4   0x00000048   Dbug   RW  4524     .debug_pubnames     fs_drv_manager.o
    0x0003192c   0x000000cc   Dbug   RW  4528     .debug_pubnames     fs_drv_manager.o
    0x000319f8   0x00000034   Dbug   RW  4536     .debug_pubnames     sd.o
    0x00031a2c   0x0000002c   Dbug   RW  4539     .debug_pubnames     sd.o
    0x00031a58   0x0000002c   Dbug   RW  4542     .debug_pubnames     sd.o
    0x00031a84   0x00000024   Dbug   RW  4545     .debug_pubnames     sd.o
    0x00031aa8   0x00000024   Dbug   RW  4548     .debug_pubnames     sd.o
    0x00031acc   0x00000024   Dbug   RW  4551     .debug_pubnames     sd.o
    0x00031af0   0x00000024   Dbug   RW  4554     .debug_pubnames     sd.o
    0x00031b14   0x00000028   Dbug   RW  4557     .debug_pubnames     sd.o
    0x00031b3c   0x00000020   Dbug   RW  4560     .debug_pubnames     sd.o
    0x00031b5c   0x00000024   Dbug   RW  4563     .debug_pubnames     sd.o
    0x00031b80   0x00000028   Dbug   RW  4566     .debug_pubnames     sd.o
    0x00031ba8   0x00000024   Dbug   RW  4569     .debug_pubnames     sd.o
    0x00031bcc   0x000000d8   Dbug   RW  4572     .debug_pubnames     sd.o
    0x00031ca4   0x00000150   Dbug   RW  4576     .debug_pubnames     sd.o
    0x00031df4   0x00000024   Dbug   RW  4602     .debug_pubnames     fs_os.o
    0x00031e18   0x00000024   Dbug   RW  4605     .debug_pubnames     fs_os.o
    0x00031e3c   0x00000024   Dbug   RW  4608     .debug_pubnames     fs_os.o
    0x00031e60   0x00000024   Dbug   RW  4611     .debug_pubnames     fs_os.o
    0x00031e84   0x0000002c   Dbug   RW  4614     .debug_pubnames     fs_os.o
    0x00031eb0   0x0000002c   Dbug   RW  4617     .debug_pubnames     fs_os.o
    0x00031edc   0x00000024   Dbug   RW  4620     .debug_pubnames     fs_os.o
    0x00031f00   0x00000024   Dbug   RW  4623     .debug_pubnames     fs_os.o
    0x00031f24   0x000000a8   Dbug   RW  4629     .debug_pubnames     fs_os.o
    0x00031fcc   0x00000344   Dbug   RW  4633     .debug_pubnames     fs_os.o
    0x00032310   0x00000110   Dbug   RW  4654     .debug_pubnames     fsglobalvar.o
    0x00032420   0x00000344   Dbug   RW  4657     .debug_pubnames     fsglobalvar.o
    0x00032764   0x00000020   Dbug   RW  4661     .debug_pubnames     swap_byte.o
    0x00032784   0x00000020   Dbug   RW  4664     .debug_pubnames     swap_byte.o
    0x000327a4   0x00000020   Dbug   RW  4667     .debug_pubnames     swap_byte.o
    0x000327c4   0x00000020   Dbug   RW  4670     .debug_pubnames     swap_byte.o
    0x000327e4   0x00000028   Dbug   RW  4673     .debug_pubnames     swap_byte.o
    0x0003280c   0x00000058   Dbug   RW  4679     .debug_pubnames     swap_byte.o
    0x00032864   0x0000002c   Dbug   RW  4697     .debug_pubnames     sensor_gc1004.o
    0x00032890   0x00000034   Dbug   RW  4700     .debug_pubnames     sensor_gc1004.o
    0x000328c4   0x00000030   Dbug   RW  4703     .debug_pubnames     sensor_gc1004.o
    0x000328f4   0x00000030   Dbug   RW  4706     .debug_pubnames     sensor_gc1004.o
    0x00032924   0x00000034   Dbug   RW  4709     .debug_pubnames     sensor_gc1004.o
    0x00032958   0x00000030   Dbug   RW  4712     .debug_pubnames     sensor_gc1004.o
    0x00032988   0x0000002c   Dbug   RW  4715     .debug_pubnames     sensor_gc1004.o
    0x000329b4   0x00000030   Dbug   RW  4718     .debug_pubnames     sensor_gc1004.o
    0x000329e4   0x00000030   Dbug   RW  4721     .debug_pubnames     sensor_gc1004.o
    0x00032a14   0x00000030   Dbug   RW  4724     .debug_pubnames     sensor_gc1004.o
    0x00032a44   0x00000024   Dbug   RW  4727     .debug_pubnames     sensor_gc1004.o
    0x00032a68   0x0000002c   Dbug   RW  4730     .debug_pubnames     sensor_gc1004.o
    0x00032a94   0x000000a8   Dbug   RW  4733     .debug_pubnames     sensor_gc1004.o
    0x00032b3c   0x0000018c   Dbug   RW  4737     .debug_pubnames     sensor_gc1004.o
    0x00032cc8   0x00000280   Dbug   RW  4742     .debug_pubnames     sensor_gc1004.o
    0x00032f48   0x00000024   Dbug   RW  4748     .debug_pubnames     drv_l1_ext_mode.o
    0x00032f6c   0x00000030   Dbug   RW  4751     .debug_pubnames     drv_l1_ext_mode.o
    0x00032f9c   0x00000028   Dbug   RW  4754     .debug_pubnames     drv_l1_ext_mode.o
    0x00032fc4   0x00000028   Dbug   RW  4757     .debug_pubnames     drv_l1_ext_mode.o
    0x00032fec   0x00000028   Dbug   RW  4760     .debug_pubnames     drv_l1_ext_mode.o
    0x00033014   0x0000007c   Dbug   RW  4764     .debug_pubnames     drv_l1_ext_mode.o
    0x00033090   0x00001314   Dbug   RW  4768     .debug_pubnames     drv_l1_ext_mode.o
    0x000343a4   0x00000030   Dbug   RW  4774     .debug_pubnames     drv_l2_sd.o
    0x000343d4   0x00000030   Dbug   RW  4777     .debug_pubnames     drv_l2_sd.o
    0x00034404   0x00000030   Dbug   RW  4780     .debug_pubnames     drv_l2_sd.o
    0x00034434   0x00000030   Dbug   RW  4783     .debug_pubnames     drv_l2_sd.o
    0x00034464   0x00000030   Dbug   RW  4786     .debug_pubnames     drv_l2_sd.o
    0x00034494   0x00000034   Dbug   RW  4789     .debug_pubnames     drv_l2_sd.o
    0x000344c8   0x00000034   Dbug   RW  4792     .debug_pubnames     drv_l2_sd.o
    0x000344fc   0x00000034   Dbug   RW  4795     .debug_pubnames     drv_l2_sd.o
    0x00034530   0x00000038   Dbug   RW  4798     .debug_pubnames     drv_l2_sd.o
    0x00034568   0x0000002c   Dbug   RW  4801     .debug_pubnames     drv_l2_sd.o
    0x00034594   0x0000002c   Dbug   RW  4804     .debug_pubnames     drv_l2_sd.o
    0x000345c0   0x0000002c   Dbug   RW  4807     .debug_pubnames     drv_l2_sd.o
    0x000345ec   0x0000002c   Dbug   RW  4810     .debug_pubnames     drv_l2_sd.o
    0x00034618   0x0000002c   Dbug   RW  4813     .debug_pubnames     drv_l2_sd.o
    0x00034644   0x0000002c   Dbug   RW  4816     .debug_pubnames     drv_l2_sd.o
    0x00034670   0x0000002c   Dbug   RW  4819     .debug_pubnames     drv_l2_sd.o
    0x0003469c   0x00000030   Dbug   RW  4822     .debug_pubnames     drv_l2_sd.o
    0x000346cc   0x00000128   Dbug   RW  4825     .debug_pubnames     drv_l2_sd.o
    0x000347f4   0x0000027c   Dbug   RW  4829     .debug_pubnames     drv_l2_sd.o
    0x00034a70   0x00000028   Dbug   RW  4854     .debug_pubnames     video_codec_dynamic_jpeg_Q.o
    0x00034a98   0x00000038   Dbug   RW  4862     .debug_pubnames     ap_jh_message.o
    0x00034ad0   0x00000034   Dbug   RW  4865     .debug_pubnames     ap_jh_message.o
    0x00034b04   0x00000030   Dbug   RW  4868     .debug_pubnames     ap_jh_message.o
    0x00034b34   0x00000060   Dbug   RW  4871     .debug_pubnames     ap_jh_message.o
    0x00034b94   0x00000044   Dbug   RW  4875     .debug_pubnames     ap_jh_message.o


================================================================================

Image component sizes


      Code    RO Data    RW Data    ZI Data      Debug   

    122624       9475       3249      41109    1249860   Object Totals
    151096       6111        809      27397      39284   Library Totals

================================================================================


      Code    RO Data    RW Data    ZI Data      Debug   

    273720      15586       4058      68506    1289144   Grand Totals

================================================================================

    Total RO  Size(Code + RO Data)               289306 ( 282.53kB)
    Total RW  Size(RW Data + ZI Data)             72564 (  70.86kB)
    Total ROM Size(Code + RO Data + RW Data)     293364 ( 286.49kB)

================================================================================

